2705213M@fatanode-09:/cluster/YewParVCTest$ mpirun -np 8 ./build/apps/bnb/maxclique/maxclique-8 --skeleton depthbounded \
  --spawn-depth 3 -f test/vc-experiments/gen200_p0.9_44.clq \
  --hpx:threads=32 \
  --hpx:print-counter /workstealing/depthpool/distributedSteals \
  --hpx:print-counter-interval=1000
/workstealing{locality#0/total}/depthpool/distributedSteals,1,6.744185,[s],0
/workstealing{locality#1/total}/depthpool/distributedSteals,1,7.130260,[s],0
/workstealing{locality#2/total}/depthpool/distributedSteals,1,7.136193,[s],0
/workstealing{locality#3/total}/depthpool/distributedSteals,1,7.118252,[s],0
/workstealing{locality#4/total}/depthpool/distributedSteals,1,7.144195,[s],0
/workstealing{locality#5/total}/depthpool/distributedSteals,1,7.138252,[s],0
/workstealing{locality#6/total}/depthpool/distributedSteals,1,7.136186,[s],0
/workstealing{locality#7/total}/depthpool/distributedSteals,1,7.118254,[s],0
/workstealing{locality#0/total}/depthpool/distributedSteals,2,8.144526,[s],0
/workstealing{locality#1/total}/depthpool/distributedSteals,2,8.202412,[s],0
/workstealing{locality#2/total}/depthpool/distributedSteals,2,8.176279,[s],0
/workstealing{locality#3/total}/depthpool/distributedSteals,2,8.186395,[s],0
/workstealing{locality#4/total}/depthpool/distributedSteals,2,8.180254,[s],0
/workstealing{locality#5/total}/depthpool/distributedSteals,2,8.186355,[s],0
/workstealing{locality#6/total}/depthpool/distributedSteals,2,8.176260,[s],0
/workstealing{locality#7/total}/depthpool/distributedSteals,2,8.170418,[s],0
/workstealing{locality#0/total}/depthpool/distributedSteals,3,9.244173,[s],0
/workstealing{locality#1/total}/depthpool/distributedSteals,3,9.354252,[s],0
/workstealing{locality#2/total}/depthpool/distributedSteals,3,9.344204,[s],0
/workstealing{locality#3/total}/depthpool/distributedSteals,3,9.330304,[s],0
/workstealing{locality#4/total}/depthpool/distributedSteals,3,9.360184,[s],0
/workstealing{locality#5/total}/depthpool/distributedSteals,3,9.354255,[s],0
/workstealing{locality#6/total}/depthpool/distributedSteals,3,9.344206,[s],0
/workstealing{locality#7/total}/depthpool/distributedSteals,3,9.354252,[s],0
/workstealing{locality#0/total}/depthpool/distributedSteals,4,10.392176,[s],0
/workstealing{locality#1/total}/depthpool/distributedSteals,4,10.506260,[s],0
/workstealing{locality#2/total}/depthpool/distributedSteals,4,10.496188,[s],0
/workstealing{locality#3/total}/depthpool/distributedSteals,4,10.490249,[s],0
/workstealing{locality#4/total}/depthpool/distributedSteals,4,10.480227,[s],0
/workstealing{locality#5/total}/depthpool/distributedSteals,4,10.502247,[s],0
/workstealing{locality#6/total}/depthpool/distributedSteals,4,10.488178,[s],0
/workstealing{locality#7/total}/depthpool/distributedSteals,4,10.486290,[s],0
/workstealing{locality#0/total}/depthpool/distributedSteals,5,11.508353,[s],0
/workstealing{locality#1/total}/depthpool/distributedSteals,5,11.554260,[s],0
/workstealing{locality#2/total}/depthpool/distributedSteals,5,11.540212,[s],0
/workstealing{locality#3/total}/depthpool/distributedSteals,5,11.538282,[s],0
/workstealing{locality#4/total}/depthpool/distributedSteals,5,11.568221,[s],0
/workstealing{locality#5/total}/depthpool/distributedSteals,5,11.554245,[s],0
/workstealing{locality#6/total}/depthpool/distributedSteals,5,11.540272,[s],0
/workstealing{locality#7/total}/depthpool/distributedSteals,5,11.542258,[s],0
/workstealing{locality#0/total}/depthpool/distributedSteals,6,12.604173,[s],0
/workstealing{locality#1/total}/depthpool/distributedSteals,6,12.790254,[s],0
/workstealing{locality#2/total}/depthpool/distributedSteals,6,12.796182,[s],0
/workstealing{locality#3/total}/depthpool/distributedSteals,6,12.810252,[s],0
/workstealing{locality#4/total}/depthpool/distributedSteals,6,12.820181,[s],0
/workstealing{locality#5/total}/depthpool/distributedSteals,6,12.810242,[s],0
/workstealing{locality#6/total}/depthpool/distributedSteals,6,12.792252,[s],0
/workstealing{locality#7/total}/depthpool/distributedSteals,6,12.790337,[s],0
/workstealing{locality#0/total}/depthpool/distributedSteals,7,13.852286,[s],0
/workstealing{locality#1/total}/depthpool/distributedSteals,7,13.938243,[s],0
/workstealing{locality#2/total}/depthpool/distributedSteals,7,13.952186,[s],0
/workstealing{locality#3/total}/depthpool/distributedSteals,7,13.930245,[s],0
/workstealing{locality#4/total}/depthpool/distributedSteals,7,13.928185,[s],0
/workstealing{locality#5/total}/depthpool/distributedSteals,7,13.942230,[s],0
/workstealing{locality#6/total}/depthpool/distributedSteals,7,13.924272,[s],0
/workstealing{locality#7/total}/depthpool/distributedSteals,7,13.942244,[s],0
/workstealing{locality#0/total}/depthpool/distributedSteals,8,15.040174,[s],0
/workstealing{locality#1/total}/depthpool/distributedSteals,8,15.178250,[s],0
/workstealing{locality#2/total}/depthpool/distributedSteals,8,15.176182,[s],0
/workstealing{locality#3/total}/depthpool/distributedSteals,8,15.174235,[s],0
/workstealing{locality#4/total}/depthpool/distributedSteals,8,15.172181,[s],0
/workstealing{locality#5/total}/depthpool/distributedSteals,8,15.178246,[s],0
/workstealing{locality#6/total}/depthpool/distributedSteals,8,15.168257,[s],0
/workstealing{locality#7/total}/depthpool/distributedSteals,8,15.182255,[s],0
/workstealing{locality#0/total}/depthpool/distributedSteals,9,16.296285,[s],0
/workstealing{locality#1/total}/depthpool/distributedSteals,9,16.294381,[s],0
/workstealing{locality#2/total}/depthpool/distributedSteals,9,16.304210,[s],0
/workstealing{locality#3/total}/depthpool/distributedSteals,9,16.306230,[s],0
/workstealing{locality#4/total}/depthpool/distributedSteals,9,16.308170,[s],0
/workstealing{locality#5/total}/depthpool/distributedSteals,9,16.314233,[s],0
/workstealing{locality#6/total}/depthpool/distributedSteals,9,16.312211,[s],0
/workstealing{locality#7/total}/depthpool/distributedSteals,9,16.318270,[s],0
/workstealing{locality#0/total}/depthpool/distributedSteals,10,17.376174,[s],0
/workstealing{locality#1/total}/depthpool/distributedSteals,10,17.410252,[s],0
/workstealing{locality#2/total}/depthpool/distributedSteals,10,17.428186,[s],1
/workstealing{locality#3/total}/depthpool/distributedSteals,10,17.418255,[s],0
/workstealing{locality#4/total}/depthpool/distributedSteals,10,17.432182,[s],0
/workstealing{locality#5/total}/depthpool/distributedSteals,10,17.418243,[s],0
/workstealing{locality#6/total}/depthpool/distributedSteals,10,17.432176,[s],1
/workstealing{locality#7/total}/depthpool/distributedSteals,10,17.406245,[s],0
/workstealing{locality#0/total}/depthpool/distributedSteals,11,18.520177,[s],0
/workstealing{locality#1/total}/depthpool/distributedSteals,11,18.518337,[s],0
/workstealing{locality#2/total}/depthpool/distributedSteals,11,18.516346,[s],1
/workstealing{locality#3/total}/depthpool/distributedSteals,11,18.514304,[s],0
/workstealing{locality#4/total}/depthpool/distributedSteals,11,18.532208,[s],0
/workstealing{locality#5/total}/depthpool/distributedSteals,11,18.546414,[s],0
/workstealing{locality#6/total}/depthpool/distributedSteals,11,18.544411,[s],1
/workstealing{locality#7/total}/depthpool/distributedSteals,11,18.538355,[s],0
/workstealing{locality#0/total}/depthpool/distributedSteals,12,19.716194,[s],0
/workstealing{locality#1/total}/depthpool/distributedSteals,12,19.746250,[s],4
/workstealing{locality#2/total}/depthpool/distributedSteals,12,19.716224,[s],9
/workstealing{locality#3/total}/depthpool/distributedSteals,12,19.726247,[s],1
/workstealing{locality#4/total}/depthpool/distributedSteals,12,19.720181,[s],3
/workstealing{locality#5/total}/depthpool/distributedSteals,12,19.714318,[s],5
/workstealing{locality#6/total}/depthpool/distributedSteals,12,19.716283,[s],3
/workstealing{locality#7/total}/depthpool/distributedSteals,12,19.726257,[s],5
/workstealing{locality#0/total}/depthpool/distributedSteals,13,20.936230,[s],0
/workstealing{locality#1/total}/depthpool/distributedSteals,13,21.042259,[s],5
/workstealing{locality#2/total}/depthpool/distributedSteals,13,21.048182,[s],14
/workstealing{locality#3/total}/depthpool/distributedSteals,13,21.050259,[s],12
/workstealing{locality#4/total}/depthpool/distributedSteals,13,21.088184,[s],9
/workstealing{locality#5/total}/depthpool/distributedSteals,13,21.058261,[s],8
/workstealing{locality#6/total}/depthpool/distributedSteals,13,21.052205,[s],3
/workstealing{locality#7/total}/depthpool/distributedSteals,13,21.038367,[s],12
/workstealing{locality#0/total}/depthpool/distributedSteals,14,22.152324,[s],0
/workstealing{locality#1/total}/depthpool/distributedSteals,14,22.238256,[s],5
/workstealing{locality#2/total}/depthpool/distributedSteals,14,22.240184,[s],14
/workstealing{locality#3/total}/depthpool/distributedSteals,14,22.294423,[s],16
/workstealing{locality#4/total}/depthpool/distributedSteals,14,22.244186,[s],14
/workstealing{locality#5/total}/depthpool/distributedSteals,14,22.234324,[s],8
/workstealing{locality#6/total}/depthpool/distributedSteals,14,22.248197,[s],3
/workstealing{locality#7/total}/depthpool/distributedSteals,14,22.238237,[s],17
/workstealing{locality#0/total}/depthpool/distributedSteals,15,23.332462,[s],0
/workstealing{locality#1/total}/depthpool/distributedSteals,15,23.418276,[s],5
/workstealing{locality#2/total}/depthpool/distributedSteals,15,23.404172,[s],14
/workstealing{locality#3/total}/depthpool/distributedSteals,15,23.394469,[s],17
/workstealing{locality#4/total}/depthpool/distributedSteals,15,23.424275,[s],14
/workstealing{locality#5/total}/depthpool/distributedSteals,15,23.394349,[s],8
/workstealing{locality#6/total}/depthpool/distributedSteals,15,23.436169,[s],3
/workstealing{locality#7/total}/depthpool/distributedSteals,15,23.402263,[s],17
/workstealing{locality#0/total}/depthpool/distributedSteals,16,24.564179,[s],0
/workstealing{locality#1/total}/depthpool/distributedSteals,16,24.558255,[s],5
/workstealing{locality#2/total}/depthpool/distributedSteals,16,24.584194,[s],14
/workstealing{locality#3/total}/depthpool/distributedSteals,16,24.562300,[s],20
/workstealing{locality#4/total}/depthpool/distributedSteals,16,24.612183,[s],14
/workstealing{locality#5/total}/depthpool/distributedSteals,16,24.570252,[s],8
/workstealing{locality#6/total}/depthpool/distributedSteals,16,24.556364,[s],3
/workstealing{locality#7/total}/depthpool/distributedSteals,16,24.558254,[s],17
/workstealing{locality#0/total}/depthpool/distributedSteals,17,25.664188,[s],0
/workstealing{locality#1/total}/depthpool/distributedSteals,17,25.710252,[s],6
/workstealing{locality#2/total}/depthpool/distributedSteals,17,25.752202,[s],14
/workstealing{locality#3/total}/depthpool/distributedSteals,17,25.718305,[s],28
/workstealing{locality#4/total}/depthpool/distributedSteals,17,25.776197,[s],14
/workstealing{locality#5/total}/depthpool/distributedSteals,17,25.790249,[s],8
/workstealing{locality#6/total}/depthpool/distributedSteals,17,25.792169,[s],3
/workstealing{locality#7/total}/depthpool/distributedSteals,17,25.810253,[s],17
/workstealing{locality#0/total}/depthpool/distributedSteals,18,26.912175,[s],0
/workstealing{locality#1/total}/depthpool/distributedSteals,18,26.994290,[s],11
/workstealing{locality#2/total}/depthpool/distributedSteals,18,27.000188,[s],14
/workstealing{locality#3/total}/depthpool/distributedSteals,18,26.974263,[s],37
/workstealing{locality#4/total}/depthpool/distributedSteals,18,27.000195,[s],14
/workstealing{locality#5/total}/depthpool/distributedSteals,18,26.974249,[s],13
/workstealing{locality#6/total}/depthpool/distributedSteals,18,26.992192,[s],6
/workstealing{locality#7/total}/depthpool/distributedSteals,18,26.986260,[s],17
/workstealing{locality#0/total}/depthpool/distributedSteals,19,28.180349,[s],0
/workstealing{locality#1/total}/depthpool/distributedSteals,19,28.354248,[s],16
/workstealing{locality#2/total}/depthpool/distributedSteals,19,28.348184,[s],14
/workstealing{locality#3/total}/depthpool/distributedSteals,19,28.358269,[s],41
/workstealing{locality#4/total}/depthpool/distributedSteals,19,28.344171,[s],14
/workstealing{locality#5/total}/depthpool/distributedSteals,19,28.354249,[s],20
/workstealing{locality#6/total}/depthpool/distributedSteals,19,28.344188,[s],14
/workstealing{locality#7/total}/depthpool/distributedSteals,19,28.354251,[s],17
/workstealing{locality#0/total}/depthpool/distributedSteals,20,29.484406,[s],0
/workstealing{locality#1/total}/depthpool/distributedSteals,20,29.502247,[s],18
/workstealing{locality#2/total}/depthpool/distributedSteals,20,29.484373,[s],23
/workstealing{locality#3/total}/depthpool/distributedSteals,20,29.510249,[s],44
/workstealing{locality#4/total}/depthpool/distributedSteals,20,29.488208,[s],20
/workstealing{locality#5/total}/depthpool/distributedSteals,20,29.506230,[s],27
/workstealing{locality#6/total}/depthpool/distributedSteals,20,29.484411,[s],20
/workstealing{locality#7/total}/depthpool/distributedSteals,20,29.482495,[s],19
/workstealing{locality#0/total}/depthpool/distributedSteals,21,30.700484,[s],0
/workstealing{locality#1/total}/depthpool/distributedSteals,21,30.706233,[s],24
/workstealing{locality#2/total}/depthpool/distributedSteals,21,30.712180,[s],31
/workstealing{locality#3/total}/depthpool/distributedSteals,21,30.726245,[s],48
/workstealing{locality#4/total}/depthpool/distributedSteals,21,30.728184,[s],27
/workstealing{locality#5/total}/depthpool/distributedSteals,21,30.718242,[s],31
/workstealing{locality#6/total}/depthpool/distributedSteals,21,30.704210,[s],26
/workstealing{locality#7/total}/depthpool/distributedSteals,21,30.710256,[s],23
/workstealing{locality#0/total}/depthpool/distributedSteals,22,31.832340,[s],0
/workstealing{locality#1/total}/depthpool/distributedSteals,22,31.894255,[s],30
/workstealing{locality#2/total}/depthpool/distributedSteals,22,31.908171,[s],35
/workstealing{locality#3/total}/depthpool/distributedSteals,22,31.894279,[s],53
/workstealing{locality#4/total}/depthpool/distributedSteals,22,31.900291,[s],34
/workstealing{locality#5/total}/depthpool/distributedSteals,22,31.922251,[s],37
/workstealing{locality#6/total}/depthpool/distributedSteals,22,31.900186,[s],30
/workstealing{locality#7/total}/depthpool/distributedSteals,22,31.898253,[s],28
/workstealing{locality#0/total}/depthpool/distributedSteals,23,33.140306,[s],0
/workstealing{locality#1/total}/depthpool/distributedSteals,23,33.142264,[s],32
/workstealing{locality#2/total}/depthpool/distributedSteals,23,33.164182,[s],37
/workstealing{locality#3/total}/depthpool/distributedSteals,23,33.166265,[s],54
/workstealing{locality#4/total}/depthpool/distributedSteals,23,33.144189,[s],35
/workstealing{locality#5/total}/depthpool/distributedSteals,23,33.166238,[s],38
/workstealing{locality#6/total}/depthpool/distributedSteals,23,33.152187,[s],32
/workstealing{locality#7/total}/depthpool/distributedSteals,23,33.154251,[s],31
/workstealing{locality#0/total}/depthpool/distributedSteals,24,34.264300,[s],0
/workstealing{locality#1/total}/depthpool/distributedSteals,24,34.274246,[s],33
/workstealing{locality#2/total}/depthpool/distributedSteals,24,34.288185,[s],37
/workstealing{locality#3/total}/depthpool/distributedSteals,24,34.282247,[s],55
/workstealing{locality#4/total}/depthpool/distributedSteals,24,34.284184,[s],35
/workstealing{locality#5/total}/depthpool/distributedSteals,24,34.282244,[s],38
/workstealing{locality#6/total}/depthpool/distributedSteals,24,34.280180,[s],39
/workstealing{locality#7/total}/depthpool/distributedSteals,24,34.274248,[s],31
/workstealing{locality#0/total}/depthpool/distributedSteals,25,35.520289,[s],0
/workstealing{locality#1/total}/depthpool/distributedSteals,25,35.558258,[s],33
/workstealing{locality#2/total}/depthpool/distributedSteals,25,35.568185,[s],37
/workstealing{locality#3/total}/depthpool/distributedSteals,25,35.578245,[s],55
/workstealing{locality#4/total}/depthpool/distributedSteals,25,35.552219,[s],35
/workstealing{locality#5/total}/depthpool/distributedSteals,25,35.570247,[s],40
/workstealing{locality#6/total}/depthpool/distributedSteals,25,35.556179,[s],40
/workstealing{locality#7/total}/depthpool/distributedSteals,25,35.570251,[s],32
/workstealing{locality#0/total}/depthpool/distributedSteals,26,36.680288,[s],0
/workstealing{locality#1/total}/depthpool/distributedSteals,26,36.730247,[s],33
/workstealing{locality#2/total}/depthpool/distributedSteals,26,36.732184,[s],37
/workstealing{locality#3/total}/depthpool/distributedSteals,26,36.730233,[s],55
/workstealing{locality#4/total}/depthpool/distributedSteals,26,36.716193,[s],36
/workstealing{locality#5/total}/depthpool/distributedSteals,26,36.734247,[s],40
/workstealing{locality#6/total}/depthpool/distributedSteals,26,36.748167,[s],40
/workstealing{locality#7/total}/depthpool/distributedSteals,26,36.726245,[s],32
/workstealing{locality#0/total}/depthpool/distributedSteals,27,37.912209,[s],0
/workstealing{locality#1/total}/depthpool/distributedSteals,27,38.006255,[s],34
/workstealing{locality#2/total}/depthpool/distributedSteals,27,38.024196,[s],37
/workstealing{locality#3/total}/depthpool/distributedSteals,27,38.018251,[s],56
/workstealing{locality#4/total}/depthpool/distributedSteals,27,38.028172,[s],38
/workstealing{locality#5/total}/depthpool/distributedSteals,27,38.010249,[s],40
/workstealing{locality#6/total}/depthpool/distributedSteals,27,38.032201,[s],40
/workstealing{locality#7/total}/depthpool/distributedSteals,27,38.014256,[s],32
/workstealing{locality#0/total}/depthpool/distributedSteals,28,39.180279,[s],0
/workstealing{locality#1/total}/depthpool/distributedSteals,28,39.278246,[s],34
/workstealing{locality#2/total}/depthpool/distributedSteals,28,39.296190,[s],37
/workstealing{locality#3/total}/depthpool/distributedSteals,28,39.278245,[s],56
/workstealing{locality#4/total}/depthpool/distributedSteals,28,39.296181,[s],38
/workstealing{locality#5/total}/depthpool/distributedSteals,28,39.274244,[s],40
/workstealing{locality#6/total}/depthpool/distributedSteals,28,39.296193,[s],40
/workstealing{locality#7/total}/depthpool/distributedSteals,28,39.294247,[s],32
/workstealing{locality#0/total}/depthpool/distributedSteals,29,40.420175,[s],0
/workstealing{locality#1/total}/depthpool/distributedSteals,29,40.446256,[s],34
/workstealing{locality#2/total}/depthpool/distributedSteals,29,40.448228,[s],37
/workstealing{locality#3/total}/depthpool/distributedSteals,29,40.446287,[s],59
/workstealing{locality#4/total}/depthpool/distributedSteals,29,40.460183,[s],38
/workstealing{locality#5/total}/depthpool/distributedSteals,29,40.454244,[s],40
/workstealing{locality#6/total}/depthpool/distributedSteals,29,40.460179,[s],40
/workstealing{locality#7/total}/depthpool/distributedSteals,29,40.466245,[s],32
/workstealing{locality#0/total}/depthpool/distributedSteals,30,41.636172,[s],0
/workstealing{locality#1/total}/depthpool/distributedSteals,30,41.910989,[s],34
/workstealing{locality#2/total}/depthpool/distributedSteals,30,41.900186,[s],38
/workstealing{locality#3/total}/depthpool/distributedSteals,30,41.882280,[s],59
/workstealing{locality#4/total}/depthpool/distributedSteals,30,41.896184,[s],39
/workstealing{locality#5/total}/depthpool/distributedSteals,30,41.882300,[s],40
/workstealing{locality#6/total}/depthpool/distributedSteals,30,41.888166,[s],40
/workstealing{locality#7/total}/depthpool/distributedSteals,30,41.882333,[s],32
/workstealing{locality#0/total}/depthpool/distributedSteals,31,43.124236,[s],0
/workstealing{locality#1/total}/depthpool/distributedSteals,31,43.134242,[s],34
/workstealing{locality#2/total}/depthpool/distributedSteals,31,43.136180,[s],38
/workstealing{locality#3/total}/depthpool/distributedSteals,31,43.126248,[s],59
/workstealing{locality#4/total}/depthpool/distributedSteals,31,43.152168,[s],39
/workstealing{locality#5/total}/depthpool/distributedSteals,31,43.142252,[s],40
/workstealing{locality#6/total}/depthpool/distributedSteals,31,43.124276,[s],40
/workstealing{locality#7/total}/depthpool/distributedSteals,31,43.150249,[s],32
/workstealing{locality#0/total}/depthpool/distributedSteals,32,44.236174,[s],0
/workstealing{locality#1/total}/depthpool/distributedSteals,32,44.486248,[s],34
/workstealing{locality#2/total}/depthpool/distributedSteals,32,44.476183,[s],38
/workstealing{locality#3/total}/depthpool/distributedSteals,32,44.490236,[s],59
/workstealing{locality#4/total}/depthpool/distributedSteals,32,44.464180,[s],39
/workstealing{locality#5/total}/depthpool/distributedSteals,32,44.470249,[s],40
/workstealing{locality#6/total}/depthpool/distributedSteals,32,44.492182,[s],40
/workstealing{locality#7/total}/depthpool/distributedSteals,32,44.486253,[s],32
/workstealing{locality#0/total}/depthpool/distributedSteals,33,45.608311,[s],0
/workstealing{locality#1/total}/depthpool/distributedSteals,33,45.606405,[s],34
/workstealing{locality#2/total}/depthpool/distributedSteals,33,45.608350,[s],39
/workstealing{locality#3/total}/depthpool/distributedSteals,33,45.630244,[s],59
/workstealing{locality#4/total}/depthpool/distributedSteals,33,45.612187,[s],39
/workstealing{locality#5/total}/depthpool/distributedSteals,33,45.606434,[s],40
/workstealing{locality#6/total}/depthpool/distributedSteals,33,45.632178,[s],40
/workstealing{locality#7/total}/depthpool/distributedSteals,33,45.606458,[s],32
/workstealing{locality#0/total}/depthpool/distributedSteals,34,46.828284,[s],0
/workstealing{locality#1/total}/depthpool/distributedSteals,34,46.870243,[s],34
/workstealing{locality#2/total}/depthpool/distributedSteals,34,46.860233,[s],39
/workstealing{locality#3/total}/depthpool/distributedSteals,34,46.870247,[s],59
/workstealing{locality#4/total}/depthpool/distributedSteals,34,46.888181,[s],39
/workstealing{locality#5/total}/depthpool/distributedSteals,34,46.878245,[s],40
/workstealing{locality#6/total}/depthpool/distributedSteals,34,46.860259,[s],40
/workstealing{locality#7/total}/depthpool/distributedSteals,34,46.862244,[s],32
/workstealing{locality#0/total}/depthpool/distributedSteals,35,48.156290,[s],0
/workstealing{locality#1/total}/depthpool/distributedSteals,35,48.378272,[s],34
/workstealing{locality#2/total}/depthpool/distributedSteals,35,48.380180,[s],39
/workstealing{locality#3/total}/depthpool/distributedSteals,35,48.358273,[s],59
/workstealing{locality#4/total}/depthpool/distributedSteals,35,48.364504,[s],39
/workstealing{locality#5/total}/depthpool/distributedSteals,35,48.382244,[s],40
/workstealing{locality#6/total}/depthpool/distributedSteals,35,48.384178,[s],40
/workstealing{locality#7/total}/depthpool/distributedSteals,35,48.374249,[s],32
/workstealing{locality#0/total}/depthpool/distributedSteals,36,49.528305,[s],1
/workstealing{locality#1/total}/depthpool/distributedSteals,36,49.586245,[s],34
/workstealing{locality#2/total}/depthpool/distributedSteals,36,49.568181,[s],39
/workstealing{locality#3/total}/depthpool/distributedSteals,36,49.574250,[s],59
/workstealing{locality#4/total}/depthpool/distributedSteals,36,49.560248,[s],39
/workstealing{locality#5/total}/depthpool/distributedSteals,36,49.570232,[s],40
/workstealing{locality#6/total}/depthpool/distributedSteals,36,49.564179,[s],40
/workstealing{locality#7/total}/depthpool/distributedSteals,36,49.562253,[s],32
/workstealing{locality#0/total}/depthpool/distributedSteals,37,50.748313,[s],2
/workstealing{locality#1/total}/depthpool/distributedSteals,37,50.794247,[s],34
/workstealing{locality#2/total}/depthpool/distributedSteals,37,50.792167,[s],39
/workstealing{locality#3/total}/depthpool/distributedSteals,37,50.794247,[s],59
/workstealing{locality#4/total}/depthpool/distributedSteals,37,50.792186,[s],39
/workstealing{locality#5/total}/depthpool/distributedSteals,37,50.806246,[s],40
/workstealing{locality#6/total}/depthpool/distributedSteals,37,50.800185,[s],40
/workstealing{locality#7/total}/depthpool/distributedSteals,37,50.782247,[s],32
/workstealing{locality#0/total}/depthpool/distributedSteals,38,51.956278,[s],2
/workstealing{locality#1/total}/depthpool/distributedSteals,38,52.006246,[s],34
/workstealing{locality#2/total}/depthpool/distributedSteals,38,52.016181,[s],39
/workstealing{locality#3/total}/depthpool/distributedSteals,38,52.010247,[s],59
/workstealing{locality#4/total}/depthpool/distributedSteals,38,52.012180,[s],39
/workstealing{locality#5/total}/depthpool/distributedSteals,38,51.998251,[s],40
/workstealing{locality#6/total}/depthpool/distributedSteals,38,51.988245,[s],40
/workstealing{locality#7/total}/depthpool/distributedSteals,38,52.006256,[s],32
/workstealing{locality#0/total}/depthpool/distributedSteals,39,53.200175,[s],2
/workstealing{locality#1/total}/depthpool/distributedSteals,39,53.334244,[s],34
/workstealing{locality#2/total}/depthpool/distributedSteals,39,53.344182,[s],39
/workstealing{locality#3/total}/depthpool/distributedSteals,39,53.330249,[s],59
/workstealing{locality#4/total}/depthpool/distributedSteals,39,53.336169,[s],39
/workstealing{locality#5/total}/depthpool/distributedSteals,39,53.342243,[s],40
/workstealing{locality#6/total}/depthpool/distributedSteals,39,53.324271,[s],40
/workstealing{locality#7/total}/depthpool/distributedSteals,39,53.334232,[s],32
/workstealing{locality#0/total}/depthpool/distributedSteals,40,54.472208,[s],2
/workstealing{locality#1/total}/depthpool/distributedSteals,40,54.526244,[s],34
/workstealing{locality#2/total}/depthpool/distributedSteals,40,54.508169,[s],39
/workstealing{locality#3/total}/depthpool/distributedSteals,40,54.502614,[s],59
/workstealing{locality#4/total}/depthpool/distributedSteals,40,54.532182,[s],39
/workstealing{locality#5/total}/depthpool/distributedSteals,40,54.510241,[s],40
/workstealing{locality#6/total}/depthpool/distributedSteals,40,54.504584,[s],40
/workstealing{locality#7/total}/depthpool/distributedSteals,40,54.518246,[s],32
/workstealing{locality#0/total}/depthpool/distributedSteals,41,55.660290,[s],2
/workstealing{locality#1/total}/depthpool/distributedSteals,41,55.670239,[s],34
/workstealing{locality#2/total}/depthpool/distributedSteals,41,55.680180,[s],39
/workstealing{locality#3/total}/depthpool/distributedSteals,41,55.678255,[s],59
/workstealing{locality#4/total}/depthpool/distributedSteals,41,55.668181,[s],39
/workstealing{locality#5/total}/depthpool/distributedSteals,41,55.674244,[s],40
/workstealing{locality#6/total}/depthpool/distributedSteals,41,55.664180,[s],40
/workstealing{locality#7/total}/depthpool/distributedSteals,41,55.666245,[s],32
/workstealing{locality#0/total}/depthpool/distributedSteals,42,56.756288,[s],2
/workstealing{locality#1/total}/depthpool/distributedSteals,42,56.762245,[s],34
/workstealing{locality#2/total}/depthpool/distributedSteals,42,56.772186,[s],39
/workstealing{locality#3/total}/depthpool/distributedSteals,42,56.754414,[s],59
/workstealing{locality#4/total}/depthpool/distributedSteals,42,56.768183,[s],39
/workstealing{locality#5/total}/depthpool/distributedSteals,42,56.766244,[s],40
/workstealing{locality#6/total}/depthpool/distributedSteals,42,56.772177,[s],40
/workstealing{locality#7/total}/depthpool/distributedSteals,42,56.774247,[s],32
/workstealing{locality#0/total}/depthpool/distributedSteals,43,57.876301,[s],2
/workstealing{locality#1/total}/depthpool/distributedSteals,43,57.882246,[s],34
/workstealing{locality#2/total}/depthpool/distributedSteals,43,57.876336,[s],39
/workstealing{locality#3/total}/depthpool/distributedSteals,43,57.878246,[s],59
/workstealing{locality#4/total}/depthpool/distributedSteals,43,57.880179,[s],39
/workstealing{locality#5/total}/depthpool/distributedSteals,43,57.874430,[s],40
/workstealing{locality#6/total}/depthpool/distributedSteals,43,57.904177,[s],40
/workstealing{locality#7/total}/depthpool/distributedSteals,43,57.889701,[s],32
/workstealing{locality#0/total}/depthpool/distributedSteals,44,59.132285,[s],2
/workstealing{locality#1/total}/depthpool/distributedSteals,44,59.162256,[s],34
/workstealing{locality#2/total}/depthpool/distributedSteals,44,59.164218,[s],39
/workstealing{locality#3/total}/depthpool/distributedSteals,44,59.166233,[s],59
/workstealing{locality#4/total}/depthpool/distributedSteals,44,59.180180,[s],39
/workstealing{locality#5/total}/depthpool/distributedSteals,44,59.182243,[s],40
/workstealing{locality#6/total}/depthpool/distributedSteals,44,59.164271,[s],40
/workstealing{locality#7/total}/depthpool/distributedSteals,44,59.190246,[s],32
/workstealing{locality#0/total}/depthpool/distributedSteals,45,60.348174,[s],2
/workstealing{locality#1/total}/depthpool/distributedSteals,45,60.350245,[s],34
/workstealing{locality#2/total}/depthpool/distributedSteals,45,60.376190,[s],39
/workstealing{locality#3/total}/depthpool/distributedSteals,45,60.374258,[s],59
/workstealing{locality#4/total}/depthpool/distributedSteals,45,60.360178,[s],39
/workstealing{locality#5/total}/depthpool/distributedSteals,45,60.370244,[s],40
/workstealing{locality#6/total}/depthpool/distributedSteals,45,60.364185,[s],40
/workstealing{locality#7/total}/depthpool/distributedSteals,45,60.346327,[s],32
/workstealing{locality#0/total}/depthpool/distributedSteals,46,61.556293,[s],2
/workstealing{locality#1/total}/depthpool/distributedSteals,46,61.574251,[s],34
/workstealing{locality#2/total}/depthpool/distributedSteals,46,61.560181,[s],39
/workstealing{locality#3/total}/depthpool/distributedSteals,46,61.574244,[s],59
/workstealing{locality#4/total}/depthpool/distributedSteals,46,61.568180,[s],39
/workstealing{locality#5/total}/depthpool/distributedSteals,46,61.582243,[s],40
/workstealing{locality#6/total}/depthpool/distributedSteals,46,61.568177,[s],40
/workstealing{locality#7/total}/depthpool/distributedSteals,46,61.554438,[s],32
/workstealing{locality#0/total}/depthpool/distributedSteals,47,62.728173,[s],2
/workstealing{locality#1/total}/depthpool/distributedSteals,47,62.802247,[s],34
/workstealing{locality#2/total}/depthpool/distributedSteals,47,62.804183,[s],39
/workstealing{locality#3/total}/depthpool/distributedSteals,47,62.814243,[s],59
/workstealing{locality#4/total}/depthpool/distributedSteals,47,62.792182,[s],39
/workstealing{locality#5/total}/depthpool/distributedSteals,47,62.794247,[s],40
/workstealing{locality#6/total}/depthpool/distributedSteals,47,62.796185,[s],40
/workstealing{locality#7/total}/depthpool/distributedSteals,47,62.802248,[s],32
/workstealing{locality#0/total}/depthpool/distributedSteals,48,63.892351,[s],2
/workstealing{locality#1/total}/depthpool/distributedSteals,48,63.898277,[s],34
/workstealing{locality#2/total}/depthpool/distributedSteals,48,63.920168,[s],39
/workstealing{locality#3/total}/depthpool/distributedSteals,48,63.914245,[s],59
/workstealing{locality#4/total}/depthpool/distributedSteals,48,63.904183,[s],39
/workstealing{locality#5/total}/depthpool/distributedSteals,48,63.902249,[s],40
/workstealing{locality#6/total}/depthpool/distributedSteals,48,63.908180,[s],40
/workstealing{locality#7/total}/depthpool/distributedSteals,48,63.910245,[s],32
/workstealing{locality#0/total}/depthpool/distributedSteals,49,65.016302,[s],2
/workstealing{locality#1/total}/depthpool/distributedSteals,49,65.102245,[s],34
/workstealing{locality#2/total}/depthpool/distributedSteals,49,65.100222,[s],39
/workstealing{locality#3/total}/depthpool/distributedSteals,49,65.102249,[s],59
/workstealing{locality#4/total}/depthpool/distributedSteals,49,65.104172,[s],39
/workstealing{locality#5/total}/depthpool/distributedSteals,49,65.086244,[s],40
/workstealing{locality#6/total}/depthpool/distributedSteals,49,65.080244,[s],40
/workstealing{locality#7/total}/depthpool/distributedSteals,49,65.094253,[s],32
/workstealing{locality#0/total}/depthpool/distributedSteals,50,66.188290,[s],2
/workstealing{locality#1/total}/depthpool/distributedSteals,50,66.234245,[s],34
/workstealing{locality#2/total}/depthpool/distributedSteals,50,66.224190,[s],39
/workstealing{locality#3/total}/depthpool/distributedSteals,50,66.234246,[s],59
/workstealing{locality#4/total}/depthpool/distributedSteals,50,66.224181,[s],39
/workstealing{locality#5/total}/depthpool/distributedSteals,50,66.246251,[s],40
/workstealing{locality#6/total}/depthpool/distributedSteals,50,66.232180,[s],40
/workstealing{locality#7/total}/depthpool/distributedSteals,50,66.218309,[s],32
/workstealing{locality#0/total}/depthpool/distributedSteals,51,67.332204,[s],2
/workstealing{locality#1/total}/depthpool/distributedSteals,51,67.366249,[s],34
/workstealing{locality#2/total}/depthpool/distributedSteals,51,67.364200,[s],39
/workstealing{locality#3/total}/depthpool/distributedSteals,51,67.362287,[s],59
/workstealing{locality#4/total}/depthpool/distributedSteals,51,67.388171,[s],39
/workstealing{locality#5/total}/depthpool/distributedSteals,51,67.370245,[s],40
/workstealing{locality#6/total}/depthpool/distributedSteals,51,67.380178,[s],40
/workstealing{locality#7/total}/depthpool/distributedSteals,51,67.362319,[s],32
/workstealing{locality#0/total}/depthpool/distributedSteals,52,68.540306,[s],2
/workstealing{locality#1/total}/depthpool/distributedSteals,52,68.558243,[s],34
/workstealing{locality#2/total}/depthpool/distributedSteals,52,68.564186,[s],39
/workstealing{locality#3/total}/depthpool/distributedSteals,52,68.550279,[s],59
/workstealing{locality#4/total}/depthpool/distributedSteals,52,68.552184,[s],39
/workstealing{locality#5/total}/depthpool/distributedSteals,52,68.538422,[s],40
/workstealing{locality#6/total}/depthpool/distributedSteals,52,68.560167,[s],40
/workstealing{locality#7/total}/depthpool/distributedSteals,52,68.566248,[s],32
/workstealing{locality#0/total}/depthpool/distributedSteals,53,69.724174,[s],2
/workstealing{locality#1/total}/depthpool/distributedSteals,53,69.722248,[s],34
/workstealing{locality#2/total}/depthpool/distributedSteals,53,69.720327,[s],39
/workstealing{locality#3/total}/depthpool/distributedSteals,53,69.742244,[s],59
/workstealing{locality#4/total}/depthpool/distributedSteals,53,69.732168,[s],39
/workstealing{locality#5/total}/depthpool/distributedSteals,53,69.718425,[s],40
/workstealing{locality#6/total}/depthpool/distributedSteals,53,69.736178,[s],40
/workstealing{locality#7/total}/depthpool/distributedSteals,53,69.742246,[s],32
/workstealing{locality#0/total}/depthpool/distributedSteals,54,70.976285,[s],2
/workstealing{locality#1/total}/depthpool/distributedSteals,54,70.978244,[s],34
/workstealing{locality#2/total}/depthpool/distributedSteals,54,70.984180,[s],39
/workstealing{locality#3/total}/depthpool/distributedSteals,54,70.974391,[s],59
/workstealing{locality#4/total}/depthpool/distributedSteals,54,70.976341,[s],39
/workstealing{locality#5/total}/depthpool/distributedSteals,54,70.982239,[s],40
/workstealing{locality#6/total}/depthpool/distributedSteals,54,71.000182,[s],40
/workstealing{locality#7/total}/depthpool/distributedSteals,54,70.978245,[s],32
/workstealing{locality#0/total}/depthpool/distributedSteals,55,72.100282,[s],2
/workstealing{locality#1/total}/depthpool/distributedSteals,55,72.154243,[s],34
/workstealing{locality#2/total}/depthpool/distributedSteals,55,72.144170,[s],39
/workstealing{locality#3/total}/depthpool/distributedSteals,55,72.146255,[s],59
/workstealing{locality#4/total}/depthpool/distributedSteals,55,72.136182,[s],39
/workstealing{locality#5/total}/depthpool/distributedSteals,55,72.154230,[s],40
/workstealing{locality#6/total}/depthpool/distributedSteals,55,72.148183,[s],40
/workstealing{locality#7/total}/depthpool/distributedSteals,55,72.150245,[s],32
/workstealing{locality#0/total}/depthpool/distributedSteals,56,73.220280,[s],2
/workstealing{locality#1/total}/depthpool/distributedSteals,56,73.314245,[s],34
/workstealing{locality#2/total}/depthpool/distributedSteals,56,73.304171,[s],39
/workstealing{locality#3/total}/depthpool/distributedSteals,56,73.298247,[s],59
/workstealing{locality#4/total}/depthpool/distributedSteals,56,73.292183,[s],39
/workstealing{locality#5/total}/depthpool/distributedSteals,56,73.302243,[s],40
/workstealing{locality#6/total}/depthpool/distributedSteals,56,73.304181,[s],40
/workstealing{locality#7/total}/depthpool/distributedSteals,56,73.286314,[s],32
/workstealing{locality#0/total}/depthpool/distributedSteals,57,74.400386,[s],2
/workstealing{locality#1/total}/depthpool/distributedSteals,57,74.414246,[s],34
/workstealing{locality#2/total}/depthpool/distributedSteals,57,74.400352,[s],39
/workstealing{locality#3/total}/depthpool/distributedSteals,57,74.398432,[s],59
/workstealing{locality#4/total}/depthpool/distributedSteals,57,74.408189,[s],39
/workstealing{locality#5/total}/depthpool/distributedSteals,57,74.422242,[s],40
/workstealing{locality#6/total}/depthpool/distributedSteals,57,74.400381,[s],40
/workstealing{locality#7/total}/depthpool/distributedSteals,57,74.398453,[s],32
/workstealing{locality#0/total}/depthpool/distributedSteals,58,75.556285,[s],2
/workstealing{locality#1/total}/depthpool/distributedSteals,58,75.586241,[s],34
/workstealing{locality#2/total}/depthpool/distributedSteals,58,75.572172,[s],39
/workstealing{locality#3/total}/depthpool/distributedSteals,58,75.582243,[s],59
/workstealing{locality#4/total}/depthpool/distributedSteals,58,75.596181,[s],39
/workstealing{locality#5/total}/depthpool/distributedSteals,58,75.574245,[s],40
/workstealing{locality#6/total}/depthpool/distributedSteals,58,75.572216,[s],40
/workstealing{locality#7/total}/depthpool/distributedSteals,58,75.602251,[s],32
/workstealing{locality#0/total}/depthpool/distributedSteals,59,76.732288,[s],2
/workstealing{locality#1/total}/depthpool/distributedSteals,59,76.846243,[s],34
/workstealing{locality#2/total}/depthpool/distributedSteals,59,76.844205,[s],39
/workstealing{locality#3/total}/depthpool/distributedSteals,59,76.846246,[s],59
/workstealing{locality#4/total}/depthpool/distributedSteals,59,76.828219,[s],39
/workstealing{locality#5/total}/depthpool/distributedSteals,59,76.834931,[s],40
/workstealing{locality#6/total}/depthpool/distributedSteals,59,76.832181,[s],40
/workstealing{locality#7/total}/depthpool/distributedSteals,59,76.846243,[s],32
MaxClique Size = 44
cpu = 69728
/workstealing{locality#0/total}/depthpool/distributedSteals,60,78.060212,[s],2
/workstealing{locality#1/total}/depthpool/distributedSteals,60,78.066233,[s],34
/workstealing{locality#2/total}/depthpool/distributedSteals,60,78.064187,[s],39
/workstealing{locality#3/total}/depthpool/distributedSteals,60,78.058337,[s],59
/workstealing{locality#4/total}/depthpool/distributedSteals,60,78.064186,[s],39
/workstealing{locality#5/total}/depthpool/distributedSteals,60,78.070229,[s],40
/workstealing{locality#6/total}/depthpool/distributedSteals,60,78.064181,[s],40
/workstealing{locality#7/total}/depthpool/distributedSteals,60,78.062249,[s],32