2705213M@fatanode-09:/cluster/YewParVCTest$ mpirun -np 8 ./build/apps/bnb/maxclique/maxclique-8 --skeleton budget \
  --backtrack-budget 1000000 -f test/vc-experiments/gen200_p0.9_44.clq \
  --hpx:threads=32 \
  --hpx:print-counter /workstealing/depthpool/distributedSteals \
  --hpx:print-counter-interval=1000
/workstealing{locality#0/total}/depthpool/distributedSteals,1,6.257435,[s],0
/workstealing{locality#1/total}/depthpool/distributedSteals,1,6.281301,[s],0
/workstealing{locality#2/total}/depthpool/distributedSteals,1,6.273360,[s],0
/workstealing{locality#3/total}/depthpool/distributedSteals,1,6.283551,[s],0
/workstealing{locality#4/total}/depthpool/distributedSteals,1,6.273358,[s],0
/workstealing{locality#5/total}/depthpool/distributedSteals,1,6.271545,[s],0
/workstealing{locality#6/total}/depthpool/distributedSteals,1,6.261350,[s],0
/workstealing{locality#7/total}/depthpool/distributedSteals,1,6.261312,[s],0
/workstealing{locality#0/total}/depthpool/distributedSteals,2,7.289556,[s],0
/workstealing{locality#1/total}/depthpool/distributedSteals,2,7.309293,[s],0
/workstealing{locality#2/total}/depthpool/distributedSteals,2,7.297351,[s],0
/workstealing{locality#3/total}/depthpool/distributedSteals,2,7.287787,[s],0
/workstealing{locality#4/total}/depthpool/distributedSteals,2,7.309361,[s],0
/workstealing{locality#5/total}/depthpool/distributedSteals,2,7.295554,[s],0
/workstealing{locality#6/total}/depthpool/distributedSteals,2,7.289632,[s],0
/workstealing{locality#7/total}/depthpool/distributedSteals,2,7.305299,[s],0
/workstealing{locality#0/total}/depthpool/distributedSteals,3,8.361553,[s],0
/workstealing{locality#1/total}/depthpool/distributedSteals,3,8.377352,[s],0
/workstealing{locality#2/total}/depthpool/distributedSteals,3,8.373425,[s],0
/workstealing{locality#3/total}/depthpool/distributedSteals,3,8.379581,[s],0
/workstealing{locality#4/total}/depthpool/distributedSteals,3,8.393376,[s],0
/workstealing{locality#5/total}/depthpool/distributedSteals,3,8.371582,[s],0
/workstealing{locality#6/total}/depthpool/distributedSteals,3,8.373392,[s],0
/workstealing{locality#7/total}/depthpool/distributedSteals,3,8.385314,[s],0
/workstealing{locality#0/total}/depthpool/distributedSteals,4,9.405688,[s],0
/workstealing{locality#1/total}/depthpool/distributedSteals,4,9.421295,[s],0
/workstealing{locality#2/total}/depthpool/distributedSteals,4,9.409342,[s],0
/workstealing{locality#3/total}/depthpool/distributedSteals,4,9.415547,[s],0
/workstealing{locality#4/total}/depthpool/distributedSteals,4,9.409360,[s],0
/workstealing{locality#5/total}/depthpool/distributedSteals,4,9.403864,[s],0
/workstealing{locality#6/total}/depthpool/distributedSteals,4,9.425359,[s],0
/workstealing{locality#7/total}/depthpool/distributedSteals,4,9.429308,[s],0
/workstealing{locality#0/total}/depthpool/distributedSteals,5,10.505480,[s],0
/workstealing{locality#1/total}/depthpool/distributedSteals,5,10.505452,[s],0
/workstealing{locality#2/total}/depthpool/distributedSteals,5,10.505529,[s],0
/workstealing{locality#3/total}/depthpool/distributedSteals,5,10.515543,[s],0
/workstealing{locality#4/total}/depthpool/distributedSteals,5,10.525367,[s],0
/workstealing{locality#5/total}/depthpool/distributedSteals,5,10.527559,[s],0
/workstealing{locality#6/total}/depthpool/distributedSteals,5,10.505586,[s],0
/workstealing{locality#7/total}/depthpool/distributedSteals,5,10.533298,[s],0
/workstealing{locality#0/total}/depthpool/distributedSteals,6,11.649541,[s],0
/workstealing{locality#1/total}/depthpool/distributedSteals,6,11.649444,[s],0
/workstealing{locality#2/total}/depthpool/distributedSteals,6,11.661353,[s],0
/workstealing{locality#3/total}/depthpool/distributedSteals,6,11.671540,[s],0
/workstealing{locality#4/total}/depthpool/distributedSteals,6,11.669356,[s],0
/workstealing{locality#5/total}/depthpool/distributedSteals,6,11.659544,[s],0
/workstealing{locality#6/total}/depthpool/distributedSteals,6,11.681403,[s],0
/workstealing{locality#7/total}/depthpool/distributedSteals,6,11.673293,[s],0
/workstealing{locality#0/total}/depthpool/distributedSteals,7,12.809342,[s],0
/workstealing{locality#1/total}/depthpool/distributedSteals,7,12.909292,[s],0
/workstealing{locality#2/total}/depthpool/distributedSteals,7,12.921355,[s],0
/workstealing{locality#3/total}/depthpool/distributedSteals,7,12.903575,[s],0
/workstealing{locality#4/total}/depthpool/distributedSteals,7,12.913356,[s],0
/workstealing{locality#5/total}/depthpool/distributedSteals,7,12.911541,[s],0
/workstealing{locality#6/total}/depthpool/distributedSteals,7,12.905418,[s],0
/workstealing{locality#7/total}/depthpool/distributedSteals,7,12.925298,[s],0
/workstealing{locality#0/total}/depthpool/distributedSteals,8,14.089545,[s],0
/workstealing{locality#1/total}/depthpool/distributedSteals,8,14.125294,[s],0
/workstealing{locality#2/total}/depthpool/distributedSteals,8,14.125353,[s],0
/workstealing{locality#3/total}/depthpool/distributedSteals,8,14.127526,[s],0
/workstealing{locality#4/total}/depthpool/distributedSteals,8,14.149351,[s],0
/workstealing{locality#5/total}/depthpool/distributedSteals,8,14.143543,[s],0
/workstealing{locality#6/total}/depthpool/distributedSteals,8,14.129363,[s],0
/workstealing{locality#7/total}/depthpool/distributedSteals,8,14.141294,[s],0
/workstealing{locality#0/total}/depthpool/distributedSteals,9,15.341550,[s],0
/workstealing{locality#1/total}/depthpool/distributedSteals,9,15.361293,[s],0
/workstealing{locality#2/total}/depthpool/distributedSteals,9,15.341510,[s],0
/workstealing{locality#3/total}/depthpool/distributedSteals,9,15.367542,[s],0
/workstealing{locality#4/total}/depthpool/distributedSteals,9,15.361356,[s],0
/workstealing{locality#5/total}/depthpool/distributedSteals,9,15.363541,[s],0
/workstealing{locality#6/total}/depthpool/distributedSteals,9,15.352827,[s],0
/workstealing{locality#7/total}/depthpool/distributedSteals,9,15.349293,[s],0
/workstealing{locality#0/total}/depthpool/distributedSteals,10,16.537412,[s],0
/workstealing{locality#1/total}/depthpool/distributedSteals,10,16.561301,[s],0
/workstealing{locality#2/total}/depthpool/distributedSteals,10,16.545363,[s],0
/workstealing{locality#3/total}/depthpool/distributedSteals,10,16.543563,[s],0
/workstealing{locality#4/total}/depthpool/distributedSteals,10,16.545354,[s],0
/workstealing{locality#5/total}/depthpool/distributedSteals,10,16.539559,[s],0
/workstealing{locality#6/total}/depthpool/distributedSteals,10,16.553370,[s],0
/workstealing{locality#7/total}/depthpool/distributedSteals,10,16.561295,[s],0
/workstealing{locality#0/total}/depthpool/distributedSteals,11,17.765504,[s],0
/workstealing{locality#1/total}/depthpool/distributedSteals,11,17.845296,[s],0
/workstealing{locality#2/total}/depthpool/distributedSteals,11,17.857356,[s],0
/workstealing{locality#3/total}/depthpool/distributedSteals,11,17.831582,[s],0
/workstealing{locality#4/total}/depthpool/distributedSteals,11,17.837342,[s],0
/workstealing{locality#5/total}/depthpool/distributedSteals,11,17.843545,[s],0
/workstealing{locality#6/total}/depthpool/distributedSteals,11,17.853362,[s],0
/workstealing{locality#7/total}/depthpool/distributedSteals,11,17.837295,[s],0
/workstealing{locality#0/total}/depthpool/distributedSteals,12,18.925580,[s],0
/workstealing{locality#1/total}/depthpool/distributedSteals,12,19.157320,[s],0
/workstealing{locality#2/total}/depthpool/distributedSteals,12,19.185358,[s],0
/workstealing{locality#3/total}/depthpool/distributedSteals,12,19.167545,[s],0
/workstealing{locality#4/total}/depthpool/distributedSteals,12,19.181365,[s],0
/workstealing{locality#5/total}/depthpool/distributedSteals,12,19.155648,[s],0
/workstealing{locality#6/total}/depthpool/distributedSteals,12,19.177362,[s],0
/workstealing{locality#7/total}/depthpool/distributedSteals,12,19.173294,[s],0
/workstealing{locality#0/total}/depthpool/distributedSteals,13,20.333479,[s],0
/workstealing{locality#1/total}/depthpool/distributedSteals,13,20.337281,[s],0
/workstealing{locality#2/total}/depthpool/distributedSteals,13,20.353353,[s],0
/workstealing{locality#3/total}/depthpool/distributedSteals,13,20.347538,[s],0
/workstealing{locality#4/total}/depthpool/distributedSteals,13,20.341350,[s],0
/workstealing{locality#5/total}/depthpool/distributedSteals,13,20.351531,[s],0
/workstealing{locality#6/total}/depthpool/distributedSteals,13,20.352162,[s],0
/workstealing{locality#7/total}/depthpool/distributedSteals,13,20.357304,[s],0
/workstealing{locality#0/total}/depthpool/distributedSteals,14,21.553478,[s],0
/workstealing{locality#1/total}/depthpool/distributedSteals,14,21.553445,[s],0
/workstealing{locality#2/total}/depthpool/distributedSteals,14,21.561349,[s],0
/workstealing{locality#3/total}/depthpool/distributedSteals,14,21.571540,[s],0
/workstealing{locality#4/total}/depthpool/distributedSteals,14,21.553539,[s],0
/workstealing{locality#5/total}/depthpool/distributedSteals,14,21.575544,[s],0
/workstealing{locality#6/total}/depthpool/distributedSteals,14,21.581359,[s],0
/workstealing{locality#7/total}/depthpool/distributedSteals,14,21.557317,[s],0
/workstealing{locality#0/total}/depthpool/distributedSteals,15,22.825486,[s],0
/workstealing{locality#1/total}/depthpool/distributedSteals,15,22.921292,[s],0
/workstealing{locality#2/total}/depthpool/distributedSteals,15,22.893367,[s],0
/workstealing{locality#3/total}/depthpool/distributedSteals,15,22.907541,[s],0
/workstealing{locality#4/total}/depthpool/distributedSteals,15,22.889397,[s],0
/workstealing{locality#5/total}/depthpool/distributedSteals,15,22.909651,[s],0
/workstealing{locality#6/total}/depthpool/distributedSteals,15,22.905357,[s],0
/workstealing{locality#7/total}/depthpool/distributedSteals,15,22.893280,[s],0
/workstealing{locality#0/total}/depthpool/distributedSteals,16,24.185377,[s],0
/workstealing{locality#1/total}/depthpool/distributedSteals,16,24.189280,[s],0
/workstealing{locality#2/total}/depthpool/distributedSteals,16,24.193356,[s],0
/workstealing{locality#3/total}/depthpool/distributedSteals,16,24.199537,[s],0
/workstealing{locality#4/total}/depthpool/distributedSteals,16,24.189350,[s],0
/workstealing{locality#5/total}/depthpool/distributedSteals,16,24.203543,[s],0
/workstealing{locality#6/total}/depthpool/distributedSteals,16,24.185493,[s],0
/workstealing{locality#7/total}/depthpool/distributedSteals,16,24.189294,[s],0
/workstealing{locality#0/total}/depthpool/distributedSteals,17,25.389465,[s],0
/workstealing{locality#1/total}/depthpool/distributedSteals,17,25.389439,[s],0
/workstealing{locality#2/total}/depthpool/distributedSteals,17,25.405353,[s],0
/workstealing{locality#3/total}/depthpool/distributedSteals,17,25.387725,[s],0
/workstealing{locality#4/total}/depthpool/distributedSteals,17,25.393337,[s],0
/workstealing{locality#5/total}/depthpool/distributedSteals,17,25.399542,[s],0
/workstealing{locality#6/total}/depthpool/distributedSteals,17,25.413359,[s],0
/workstealing{locality#7/total}/depthpool/distributedSteals,17,25.417279,[s],0
/workstealing{locality#0/total}/depthpool/distributedSteals,18,26.473479,[s],0
/workstealing{locality#1/total}/depthpool/distributedSteals,18,26.505310,[s],0
/workstealing{locality#2/total}/depthpool/distributedSteals,18,26.517356,[s],0
/workstealing{locality#3/total}/depthpool/distributedSteals,18,26.523555,[s],0
/workstealing{locality#4/total}/depthpool/distributedSteals,18,26.505402,[s],0
/workstealing{locality#5/total}/depthpool/distributedSteals,18,26.507546,[s],0
/workstealing{locality#6/total}/depthpool/distributedSteals,18,26.529371,[s],0
/workstealing{locality#7/total}/depthpool/distributedSteals,18,26.505366,[s],0
/workstealing{locality#0/total}/depthpool/distributedSteals,19,27.709473,[s],0
/workstealing{locality#1/total}/depthpool/distributedSteals,19,27.797291,[s],0
/workstealing{locality#2/total}/depthpool/distributedSteals,19,27.801352,[s],0
/workstealing{locality#3/total}/depthpool/distributedSteals,19,27.787546,[s],0
/workstealing{locality#4/total}/depthpool/distributedSteals,19,27.801353,[s],0
/workstealing{locality#5/total}/depthpool/distributedSteals,19,27.787540,[s],0
/workstealing{locality#6/total}/depthpool/distributedSteals,19,27.809355,[s],0
/workstealing{locality#7/total}/depthpool/distributedSteals,19,27.793280,[s],0
/workstealing{locality#0/total}/depthpool/distributedSteals,20,28.921507,[s],0
/workstealing{locality#1/total}/depthpool/distributedSteals,20,29.209281,[s],0
/workstealing{locality#2/total}/depthpool/distributedSteals,20,29.217355,[s],0
/workstealing{locality#3/total}/depthpool/distributedSteals,20,29.223569,[s],0
/workstealing{locality#4/total}/depthpool/distributedSteals,20,29.201362,[s],0
/workstealing{locality#5/total}/depthpool/distributedSteals,20,29.191611,[s],0
/workstealing{locality#6/total}/depthpool/distributedSteals,20,29.205367,[s],0
/workstealing{locality#7/total}/depthpool/distributedSteals,20,29.225298,[s],0
/workstealing{locality#0/total}/depthpool/distributedSteals,21,30.329459,[s],0
/workstealing{locality#1/total}/depthpool/distributedSteals,21,30.329456,[s],0
/workstealing{locality#2/total}/depthpool/distributedSteals,21,30.329499,[s],0
/workstealing{locality#3/total}/depthpool/distributedSteals,21,30.335561,[s],0
/workstealing{locality#4/total}/depthpool/distributedSteals,21,30.369357,[s],0
/workstealing{locality#5/total}/depthpool/distributedSteals,21,30.331531,[s],0
/workstealing{locality#6/total}/depthpool/distributedSteals,21,30.329540,[s],0
/workstealing{locality#7/total}/depthpool/distributedSteals,21,30.333301,[s],0
/workstealing{locality#0/total}/depthpool/distributedSteals,22,31.601447,[s],0
/workstealing{locality#1/total}/depthpool/distributedSteals,22,31.705297,[s],0
/workstealing{locality#2/total}/depthpool/distributedSteals,22,31.709363,[s],2
/workstealing{locality#3/total}/depthpool/distributedSteals,22,31.699542,[s],0
/workstealing{locality#4/total}/depthpool/distributedSteals,22,31.713349,[s],0
/workstealing{locality#5/total}/depthpool/distributedSteals,22,31.695601,[s],0
/workstealing{locality#6/total}/depthpool/distributedSteals,22,31.725355,[s],0
/workstealing{locality#7/total}/depthpool/distributedSteals,22,31.709297,[s],0
/workstealing{locality#0/total}/depthpool/distributedSteals,23,32.929492,[s],0
/workstealing{locality#1/total}/depthpool/distributedSteals,23,32.941292,[s],0
/workstealing{locality#2/total}/depthpool/distributedSteals,23,32.937355,[s],2
/workstealing{locality#3/total}/depthpool/distributedSteals,23,32.955543,[s],0
/workstealing{locality#4/total}/depthpool/distributedSteals,23,32.961336,[s],0
/workstealing{locality#5/total}/depthpool/distributedSteals,23,32.955545,[s],0
/workstealing{locality#6/total}/depthpool/distributedSteals,23,32.929588,[s],0
/workstealing{locality#7/total}/depthpool/distributedSteals,23,32.957303,[s],0
/workstealing{locality#0/total}/depthpool/distributedSteals,24,34.105462,[s],0
/workstealing{locality#1/total}/depthpool/distributedSteals,24,34.197292,[s],0
/workstealing{locality#2/total}/depthpool/distributedSteals,24,34.169379,[s],2
/workstealing{locality#3/total}/depthpool/distributedSteals,24,34.171538,[s],0
/workstealing{locality#4/total}/depthpool/distributedSteals,24,34.181347,[s],0
/workstealing{locality#5/total}/depthpool/distributedSteals,24,34.191540,[s],0
/workstealing{locality#6/total}/depthpool/distributedSteals,24,34.193353,[s],0
/workstealing{locality#7/total}/depthpool/distributedSteals,24,34.181296,[s],0
/workstealing{locality#0/total}/depthpool/distributedSteals,25,35.449490,[s],0
/workstealing{locality#1/total}/depthpool/distributedSteals,25,35.481309,[s],0
/workstealing{locality#2/total}/depthpool/distributedSteals,25,35.485351,[s],2
/workstealing{locality#3/total}/depthpool/distributedSteals,25,35.483527,[s],0
/workstealing{locality#4/total}/depthpool/distributedSteals,25,35.505349,[s],0
/workstealing{locality#5/total}/depthpool/distributedSteals,25,35.483530,[s],0
/workstealing{locality#6/total}/depthpool/distributedSteals,25,35.481419,[s],0
/workstealing{locality#7/total}/depthpool/distributedSteals,25,35.497291,[s],0
/workstealing{locality#0/total}/depthpool/distributedSteals,26,36.749344,[s],0
/workstealing{locality#1/total}/depthpool/distributedSteals,26,36.765305,[s],0
/workstealing{locality#2/total}/depthpool/distributedSteals,26,36.753348,[s],2
/workstealing{locality#3/total}/depthpool/distributedSteals,26,36.755541,[s],0
/workstealing{locality#4/total}/depthpool/distributedSteals,26,36.749410,[s],0
/workstealing{locality#5/total}/depthpool/distributedSteals,26,36.767544,[s],0
/workstealing{locality#6/total}/depthpool/distributedSteals,26,36.777356,[s],0
/workstealing{locality#7/total}/depthpool/distributedSteals,26,36.773295,[s],0
/workstealing{locality#0/total}/depthpool/distributedSteals,27,37.993475,[s],0
/workstealing{locality#1/total}/depthpool/distributedSteals,27,37.997279,[s],0
/workstealing{locality#2/total}/depthpool/distributedSteals,27,38.017350,[s],2
/workstealing{locality#3/total}/depthpool/distributedSteals,27,38.011529,[s],0
/workstealing{locality#4/total}/depthpool/distributedSteals,27,38.009369,[s],0
/workstealing{locality#5/total}/depthpool/distributedSteals,27,38.003548,[s],0
/workstealing{locality#6/total}/depthpool/distributedSteals,27,37.993562,[s],0
/workstealing{locality#7/total}/depthpool/distributedSteals,27,37.997296,[s],0
/workstealing{locality#0/total}/depthpool/distributedSteals,28,39.077524,[s],0
/workstealing{locality#1/total}/depthpool/distributedSteals,28,39.077432,[s],0
/workstealing{locality#2/total}/depthpool/distributedSteals,28,39.101340,[s],2
/workstealing{locality#3/total}/depthpool/distributedSteals,28,39.083551,[s],1
/workstealing{locality#4/total}/depthpool/distributedSteals,28,39.101349,[s],0
/workstealing{locality#5/total}/depthpool/distributedSteals,28,39.077366,[s],0
/workstealing{locality#6/total}/depthpool/distributedSteals,28,39.097365,[s],0
/workstealing{locality#7/total}/depthpool/distributedSteals,28,39.105296,[s],0
/workstealing{locality#0/total}/depthpool/distributedSteals,29,40.229514,[s],0
/workstealing{locality#1/total}/depthpool/distributedSteals,29,40.261311,[s],0
/workstealing{locality#2/total}/depthpool/distributedSteals,29,40.289338,[s],2
/workstealing{locality#3/total}/depthpool/distributedSteals,29,40.267546,[s],1
/workstealing{locality#4/total}/depthpool/distributedSteals,29,40.285352,[s],0
/workstealing{locality#5/total}/depthpool/distributedSteals,29,40.259630,[s],0
/workstealing{locality#6/total}/depthpool/distributedSteals,29,40.289367,[s],0
/workstealing{locality#7/total}/depthpool/distributedSteals,29,40.261390,[s],0
/workstealing{locality#0/total}/depthpool/distributedSteals,30,41.441341,[s],0
/workstealing{locality#1/total}/depthpool/distributedSteals,30,41.481295,[s],0
/workstealing{locality#2/total}/depthpool/distributedSteals,30,41.469378,[s],2
/workstealing{locality#3/total}/depthpool/distributedSteals,30,41.479547,[s],1
/workstealing{locality#4/total}/depthpool/distributedSteals,30,41.485349,[s],0
/workstealing{locality#5/total}/depthpool/distributedSteals,30,41.479529,[s],0
/workstealing{locality#6/total}/depthpool/distributedSteals,30,41.477358,[s],0
/workstealing{locality#7/total}/depthpool/distributedSteals,30,41.473297,[s],0
/workstealing{locality#0/total}/depthpool/distributedSteals,31,42.573345,[s],0
/workstealing{locality#1/total}/depthpool/distributedSteals,31,42.645301,[s],0
/workstealing{locality#2/total}/depthpool/distributedSteals,31,42.621354,[s],2
/workstealing{locality#3/total}/depthpool/distributedSteals,31,42.639538,[s],1
/workstealing{locality#4/total}/depthpool/distributedSteals,31,42.617407,[s],0
/workstealing{locality#5/total}/depthpool/distributedSteals,31,42.639543,[s],0
/workstealing{locality#6/total}/depthpool/distributedSteals,31,42.617435,[s],0
/workstealing{locality#7/total}/depthpool/distributedSteals,31,42.621278,[s],0
/workstealing{locality#0/total}/depthpool/distributedSteals,32,43.961475,[s],0
/workstealing{locality#1/total}/depthpool/distributedSteals,32,44.125323,[s],0
/workstealing{locality#2/total}/depthpool/distributedSteals,32,44.129354,[s],2
/workstealing{locality#3/total}/depthpool/distributedSteals,32,44.147553,[s],1
/workstealing{locality#4/total}/depthpool/distributedSteals,32,44.133364,[s],0
/workstealing{locality#5/total}/depthpool/distributedSteals,32,44.143547,[s],0
/workstealing{locality#6/total}/depthpool/distributedSteals,32,44.149361,[s],0
/workstealing{locality#7/total}/depthpool/distributedSteals,32,44.141294,[s],0
/workstealing{locality#0/total}/depthpool/distributedSteals,33,45.317479,[s],0
/workstealing{locality#1/total}/depthpool/distributedSteals,33,45.537292,[s],0
/workstealing{locality#2/total}/depthpool/distributedSteals,33,45.549352,[s],2
/workstealing{locality#3/total}/depthpool/distributedSteals,33,45.519578,[s],1
/workstealing{locality#4/total}/depthpool/distributedSteals,33,45.521404,[s],0
/workstealing{locality#5/total}/depthpool/distributedSteals,33,45.535546,[s],0
/workstealing{locality#6/total}/depthpool/distributedSteals,33,45.533356,[s],0
/workstealing{locality#7/total}/depthpool/distributedSteals,33,45.541291,[s],0
/workstealing{locality#0/total}/depthpool/distributedSteals,34,46.705467,[s],0
/workstealing{locality#1/total}/depthpool/distributedSteals,34,46.777295,[s],1
/workstealing{locality#2/total}/depthpool/distributedSteals,34,46.769375,[s],4
/workstealing{locality#3/total}/depthpool/distributedSteals,34,46.767594,[s],1
/workstealing{locality#4/total}/depthpool/distributedSteals,34,46.793355,[s],0
/workstealing{locality#5/total}/depthpool/distributedSteals,34,46.791546,[s],0
/workstealing{locality#6/total}/depthpool/distributedSteals,34,46.769434,[s],0
/workstealing{locality#7/total}/depthpool/distributedSteals,34,46.785298,[s],0
/workstealing{locality#0/total}/depthpool/distributedSteals,35,47.905470,[s],0
/workstealing{locality#1/total}/depthpool/distributedSteals,35,47.949301,[s],1
/workstealing{locality#2/total}/depthpool/distributedSteals,35,47.961364,[s],4
/workstealing{locality#3/total}/depthpool/distributedSteals,35,47.947549,[s],1
/workstealing{locality#4/total}/depthpool/distributedSteals,35,47.937399,[s],0
/workstealing{locality#5/total}/depthpool/distributedSteals,35,47.935612,[s],0
/workstealing{locality#6/total}/depthpool/distributedSteals,35,47.937430,[s],0
/workstealing{locality#7/total}/depthpool/distributedSteals,35,47.941304,[s],0
/workstealing{locality#0/total}/depthpool/distributedSteals,36,49.153343,[s],0
/workstealing{locality#1/total}/depthpool/distributedSteals,36,49.181311,[s],1
/workstealing{locality#2/total}/depthpool/distributedSteals,36,49.181379,[s],4
/workstealing{locality#3/total}/depthpool/distributedSteals,36,49.195570,[s],1
/workstealing{locality#4/total}/depthpool/distributedSteals,36,49.193353,[s],0
/workstealing{locality#5/total}/depthpool/distributedSteals,36,49.199540,[s],0
/workstealing{locality#6/total}/depthpool/distributedSteals,36,49.213345,[s],0
/workstealing{locality#7/total}/depthpool/distributedSteals,36,49.189291,[s],0
/workstealing{locality#0/total}/depthpool/distributedSteals,37,50.337473,[s],0
/workstealing{locality#1/total}/depthpool/distributedSteals,37,50.481297,[s],1
/workstealing{locality#2/total}/depthpool/distributedSteals,37,50.481350,[s],4
/workstealing{locality#3/total}/depthpool/distributedSteals,37,50.475570,[s],1
/workstealing{locality#4/total}/depthpool/distributedSteals,37,50.473351,[s],0
/workstealing{locality#5/total}/depthpool/distributedSteals,37,50.463610,[s],0
/workstealing{locality#6/total}/depthpool/distributedSteals,37,50.477360,[s],0
/workstealing{locality#7/total}/depthpool/distributedSteals,37,50.477291,[s],0
/workstealing{locality#0/total}/depthpool/distributedSteals,38,51.645344,[s],0
/workstealing{locality#1/total}/depthpool/distributedSteals,38,51.721294,[s],1
/workstealing{locality#2/total}/depthpool/distributedSteals,38,51.713385,[s],4
/workstealing{locality#3/total}/depthpool/distributedSteals,38,51.719526,[s],1
/workstealing{locality#4/total}/depthpool/distributedSteals,38,51.745337,[s],0
/workstealing{locality#5/total}/depthpool/distributedSteals,38,51.711610,[s],0
/workstealing{locality#6/total}/depthpool/distributedSteals,38,51.721356,[s],0
/workstealing{locality#7/total}/depthpool/distributedSteals,38,51.713365,[s],0
/workstealing{locality#0/total}/depthpool/distributedSteals,39,52.997344,[s],0
/workstealing{locality#1/total}/depthpool/distributedSteals,39,53.033308,[s],1
/workstealing{locality#2/total}/depthpool/distributedSteals,39,53.037354,[s],4
/workstealing{locality#3/total}/depthpool/distributedSteals,39,53.043542,[s],1
/workstealing{locality#4/total}/depthpool/distributedSteals,39,53.033392,[s],1
/workstealing{locality#5/total}/depthpool/distributedSteals,39,53.031590,[s],0
/workstealing{locality#6/total}/depthpool/distributedSteals,39,53.037345,[s],0
/workstealing{locality#7/total}/depthpool/distributedSteals,39,53.049302,[s],0
/workstealing{locality#0/total}/depthpool/distributedSteals,40,54.193507,[s],0
/workstealing{locality#1/total}/depthpool/distributedSteals,40,54.225301,[s],1
/workstealing{locality#2/total}/depthpool/distributedSteals,40,54.229354,[s],4
/workstealing{locality#3/total}/depthpool/distributedSteals,40,54.247545,[s],1
/workstealing{locality#4/total}/depthpool/distributedSteals,40,54.225396,[s],1
/workstealing{locality#5/total}/depthpool/distributedSteals,40,54.227545,[s],0
/workstealing{locality#6/total}/depthpool/distributedSteals,40,54.229359,[s],0
/workstealing{locality#7/total}/depthpool/distributedSteals,40,54.237292,[s],0
/workstealing{locality#0/total}/depthpool/distributedSteals,41,55.545344,[s],0
/workstealing{locality#1/total}/depthpool/distributedSteals,41,55.757298,[s],1
/workstealing{locality#2/total}/depthpool/distributedSteals,41,55.761352,[s],4
/workstealing{locality#3/total}/depthpool/distributedSteals,41,55.755557,[s],1
/workstealing{locality#4/total}/depthpool/distributedSteals,41,55.757349,[s],1
/workstealing{locality#5/total}/depthpool/distributedSteals,41,55.747546,[s],0
/workstealing{locality#6/total}/depthpool/distributedSteals,41,55.761363,[s],0
/workstealing{locality#7/total}/depthpool/distributedSteals,41,55.749307,[s],0
/workstealing{locality#0/total}/depthpool/distributedSteals,42,56.937484,[s],0
/workstealing{locality#1/total}/depthpool/distributedSteals,42,56.961293,[s],1
/workstealing{locality#2/total}/depthpool/distributedSteals,42,56.949351,[s],4
/workstealing{locality#3/total}/depthpool/distributedSteals,42,56.935719,[s],1
/workstealing{locality#4/total}/depthpool/distributedSteals,42,56.965354,[s],1
/workstealing{locality#5/total}/depthpool/distributedSteals,42,56.967551,[s],0
/workstealing{locality#6/total}/depthpool/distributedSteals,42,56.957357,[s],0
/workstealing{locality#7/total}/depthpool/distributedSteals,42,56.965301,[s],0
/workstealing{locality#0/total}/depthpool/distributedSteals,43,58.113486,[s],0
/workstealing{locality#1/total}/depthpool/distributedSteals,43,58.113461,[s],1
/workstealing{locality#2/total}/depthpool/distributedSteals,43,58.137338,[s],4
/workstealing{locality#3/total}/depthpool/distributedSteals,43,58.119530,[s],1
/workstealing{locality#4/total}/depthpool/distributedSteals,43,58.129348,[s],1
/workstealing{locality#5/total}/depthpool/distributedSteals,43,58.135540,[s],0
/workstealing{locality#6/total}/depthpool/distributedSteals,43,58.117360,[s],0
/workstealing{locality#7/total}/depthpool/distributedSteals,43,58.113511,[s],0
/workstealing{locality#0/total}/depthpool/distributedSteals,44,59.281485,[s],0
/workstealing{locality#1/total}/depthpool/distributedSteals,44,59.285309,[s],1
/workstealing{locality#2/total}/depthpool/distributedSteals,44,59.309350,[s],4
/workstealing{locality#3/total}/depthpool/distributedSteals,44,59.295560,[s],1
/workstealing{locality#4/total}/depthpool/distributedSteals,44,59.309364,[s],1
/workstealing{locality#5/total}/depthpool/distributedSteals,44,59.283544,[s],0
/workstealing{locality#6/total}/depthpool/distributedSteals,44,59.293473,[s],0
/workstealing{locality#7/total}/depthpool/distributedSteals,44,59.285280,[s],0
/workstealing{locality#0/total}/depthpool/distributedSteals,45,60.457473,[s],0
/workstealing{locality#1/total}/depthpool/distributedSteals,45,60.469292,[s],1
/workstealing{locality#2/total}/depthpool/distributedSteals,45,60.477350,[s],4
/workstealing{locality#3/total}/depthpool/distributedSteals,45,60.455700,[s],1
/workstealing{locality#4/total}/depthpool/distributedSteals,45,60.481356,[s],1
/workstealing{locality#5/total}/depthpool/distributedSteals,45,60.467546,[s],0
/workstealing{locality#6/total}/depthpool/distributedSteals,45,60.461361,[s],0
/workstealing{locality#7/total}/depthpool/distributedSteals,45,60.473294,[s],0
/workstealing{locality#0/total}/depthpool/distributedSteals,46,61.661343,[s],0
/workstealing{locality#1/total}/depthpool/distributedSteals,46,61.793298,[s],1
/workstealing{locality#2/total}/depthpool/distributedSteals,46,61.785362,[s],4
/workstealing{locality#3/total}/depthpool/distributedSteals,46,61.795541,[s],1
/workstealing{locality#4/total}/depthpool/distributedSteals,46,61.809360,[s],1
/workstealing{locality#5/total}/depthpool/distributedSteals,46,61.783551,[s],0
/workstealing{locality#6/total}/depthpool/distributedSteals,46,61.797369,[s],0
/workstealing{locality#7/total}/depthpool/distributedSteals,46,61.801290,[s],0
/workstealing{locality#0/total}/depthpool/distributedSteals,47,62.925539,[s],0
/workstealing{locality#1/total}/depthpool/distributedSteals,47,62.925513,[s],1
/workstealing{locality#2/total}/depthpool/distributedSteals,47,62.953351,[s],4
/workstealing{locality#3/total}/depthpool/distributedSteals,47,62.943546,[s],1
/workstealing{locality#4/total}/depthpool/distributedSteals,47,62.941351,[s],1
/workstealing{locality#5/total}/depthpool/distributedSteals,47,62.947540,[s],0
/workstealing{locality#6/total}/depthpool/distributedSteals,47,62.925624,[s],0
/workstealing{locality#7/total}/depthpool/distributedSteals,47,62.945298,[s],0
/workstealing{locality#0/total}/depthpool/distributedSteals,48,64.313552,[s],0
/workstealing{locality#1/total}/depthpool/distributedSteals,48,64.313449,[s],1
/workstealing{locality#2/total}/depthpool/distributedSteals,48,64.325368,[s],4
/workstealing{locality#3/total}/depthpool/distributedSteals,48,64.311723,[s],1
/workstealing{locality#4/total}/depthpool/distributedSteals,48,64.313532,[s],1
/workstealing{locality#5/total}/depthpool/distributedSteals,48,64.331546,[s],0
/workstealing{locality#6/total}/depthpool/distributedSteals,48,64.317347,[s],0
/workstealing{locality#7/total}/depthpool/distributedSteals,48,64.329289,[s],0
/workstealing{locality#0/total}/depthpool/distributedSteals,49,65.509487,[s],0
/workstealing{locality#1/total}/depthpool/distributedSteals,49,65.693293,[s],1
/workstealing{locality#2/total}/depthpool/distributedSteals,49,65.685352,[s],4
/workstealing{locality#3/total}/depthpool/distributedSteals,49,65.667586,[s],1
/workstealing{locality#4/total}/depthpool/distributedSteals,49,65.669406,[s],1
/workstealing{locality#5/total}/depthpool/distributedSteals,49,65.675544,[s],0
/workstealing{locality#6/total}/depthpool/distributedSteals,49,65.685356,[s],0
/workstealing{locality#7/total}/depthpool/distributedSteals,49,65.669383,[s],0
/workstealing{locality#0/total}/depthpool/distributedSteals,50,66.953476,[s],0
/workstealing{locality#1/total}/depthpool/distributedSteals,50,67.077280,[s],1
/workstealing{locality#2/total}/depthpool/distributedSteals,50,67.049383,[s],4
/workstealing{locality#3/total}/depthpool/distributedSteals,50,67.047629,[s],1
/workstealing{locality#4/total}/depthpool/distributedSteals,50,67.069351,[s],1
/workstealing{locality#5/total}/depthpool/distributedSteals,50,67.051544,[s],0
/workstealing{locality#6/total}/depthpool/distributedSteals,50,67.053366,[s],0
/workstealing{locality#7/total}/depthpool/distributedSteals,50,67.073295,[s],0
/workstealing{locality#0/total}/depthpool/distributedSteals,51,68.225345,[s],0
/workstealing{locality#1/total}/depthpool/distributedSteals,51,68.229290,[s],1
/workstealing{locality#2/total}/depthpool/distributedSteals,51,68.249339,[s],4
/workstealing{locality#3/total}/depthpool/distributedSteals,51,68.227549,[s],1
/workstealing{locality#4/total}/depthpool/distributedSteals,51,68.225349,[s],1
/workstealing{locality#5/total}/depthpool/distributedSteals,51,68.231527,[s],0
/workstealing{locality#6/total}/depthpool/distributedSteals,51,68.241355,[s],0
/workstealing{locality#7/total}/depthpool/distributedSteals,51,68.229292,[s],0
/workstealing{locality#0/total}/depthpool/distributedSteals,52,69.445485,[s],0
/workstealing{locality#1/total}/depthpool/distributedSteals,52,69.453297,[s],1
/workstealing{locality#2/total}/depthpool/distributedSteals,52,69.457352,[s],4
/workstealing{locality#3/total}/depthpool/distributedSteals,52,69.471545,[s],1
/workstealing{locality#4/total}/depthpool/distributedSteals,52,69.445536,[s],1
/workstealing{locality#5/total}/depthpool/distributedSteals,52,69.447541,[s],0
/workstealing{locality#6/total}/depthpool/distributedSteals,52,69.445554,[s],0
/workstealing{locality#7/total}/depthpool/distributedSteals,52,69.449294,[s],0
/workstealing{locality#0/total}/depthpool/distributedSteals,53,70.681478,[s],0
/workstealing{locality#1/total}/depthpool/distributedSteals,53,70.793295,[s],1
/workstealing{locality#2/total}/depthpool/distributedSteals,53,70.789352,[s],4
/workstealing{locality#3/total}/depthpool/distributedSteals,53,70.775592,[s],1
/workstealing{locality#4/total}/depthpool/distributedSteals,53,70.785351,[s],1
/workstealing{locality#5/total}/depthpool/distributedSteals,53,70.779545,[s],0
/workstealing{locality#6/total}/depthpool/distributedSteals,53,70.781363,[s],0
/workstealing{locality#7/total}/depthpool/distributedSteals,53,70.797313,[s],0
/workstealing{locality#0/total}/depthpool/distributedSteals,54,72.081342,[s],0
/workstealing{locality#1/total}/depthpool/distributedSteals,54,72.109305,[s],1
/workstealing{locality#2/total}/depthpool/distributedSteals,54,72.125354,[s],4
/workstealing{locality#3/total}/depthpool/distributedSteals,54,72.127530,[s],1
/workstealing{locality#4/total}/depthpool/distributedSteals,54,72.109397,[s],1
/workstealing{locality#5/total}/depthpool/distributedSteals,54,72.119549,[s],0
/workstealing{locality#6/total}/depthpool/distributedSteals,54,72.137357,[s],0
/workstealing{locality#7/total}/depthpool/distributedSteals,54,72.133281,[s],0
/workstealing{locality#0/total}/depthpool/distributedSteals,55,73.309462,[s],0
/workstealing{locality#1/total}/depthpool/distributedSteals,55,73.421293,[s],1
/workstealing{locality#2/total}/depthpool/distributedSteals,55,73.401382,[s],4
/workstealing{locality#3/total}/depthpool/distributedSteals,55,73.411550,[s],1
/workstealing{locality#4/total}/depthpool/distributedSteals,55,73.413354,[s],1
/workstealing{locality#5/total}/depthpool/distributedSteals,55,73.403540,[s],0
/workstealing{locality#6/total}/depthpool/distributedSteals,55,73.409343,[s],0
/workstealing{locality#7/total}/depthpool/distributedSteals,55,73.421297,[s],0
/workstealing{locality#0/total}/depthpool/distributedSteals,56,74.633464,[s],0
/workstealing{locality#1/total}/depthpool/distributedSteals,56,74.693294,[s],1
/workstealing{locality#2/total}/depthpool/distributedSteals,56,74.677361,[s],4
/workstealing{locality#3/total}/depthpool/distributedSteals,56,74.667546,[s],1
/workstealing{locality#4/total}/depthpool/distributedSteals,56,74.689349,[s],1
/workstealing{locality#5/total}/depthpool/distributedSteals,56,74.687532,[s],0
/workstealing{locality#6/total}/depthpool/distributedSteals,56,74.677361,[s],0
/workstealing{locality#7/total}/depthpool/distributedSteals,56,74.673292,[s],0
/workstealing{locality#0/total}/depthpool/distributedSteals,57,75.837343,[s],0
/workstealing{locality#1/total}/depthpool/distributedSteals,57,75.873303,[s],1
/workstealing{locality#2/total}/depthpool/distributedSteals,57,75.881339,[s],4
/workstealing{locality#3/total}/depthpool/distributedSteals,57,75.867544,[s],1
/workstealing{locality#4/total}/depthpool/distributedSteals,57,75.865386,[s],1
/workstealing{locality#5/total}/depthpool/distributedSteals,57,75.895527,[s],0
/workstealing{locality#6/total}/depthpool/distributedSteals,57,75.889355,[s],0
/workstealing{locality#7/total}/depthpool/distributedSteals,57,75.893296,[s],0
/workstealing{locality#0/total}/depthpool/distributedSteals,58,77.189469,[s],0
/workstealing{locality#1/total}/depthpool/distributedSteals,58,77.205293,[s],1
/workstealing{locality#2/total}/depthpool/distributedSteals,58,77.193358,[s],4
/workstealing{locality#3/total}/depthpool/distributedSteals,58,77.195538,[s],1
/workstealing{locality#4/total}/depthpool/distributedSteals,58,77.193350,[s],1
/workstealing{locality#5/total}/depthpool/distributedSteals,58,77.215540,[s],0
/workstealing{locality#6/total}/depthpool/distributedSteals,58,77.189548,[s],0
/workstealing{locality#7/total}/depthpool/distributedSteals,58,77.213293,[s],0
/workstealing{locality#0/total}/depthpool/distributedSteals,59,78.401489,[s],0
/workstealing{locality#1/total}/depthpool/distributedSteals,59,78.429307,[s],1
/workstealing{locality#2/total}/depthpool/distributedSteals,59,78.421354,[s],4
/workstealing{locality#3/total}/depthpool/distributedSteals,59,78.415551,[s],1
/workstealing{locality#4/total}/depthpool/distributedSteals,59,78.425374,[s],1
/workstealing{locality#5/total}/depthpool/distributedSteals,59,78.399736,[s],0
/workstealing{locality#6/total}/depthpool/distributedSteals,59,78.417359,[s],0
/workstealing{locality#7/total}/depthpool/distributedSteals,59,78.405310,[s],0
/workstealing{locality#0/total}/depthpool/distributedSteals,60,79.601436,[s],0
/workstealing{locality#1/total}/depthpool/distributedSteals,60,79.709297,[s],1
/workstealing{locality#2/total}/depthpool/distributedSteals,60,79.701353,[s],4
/workstealing{locality#3/total}/depthpool/distributedSteals,60,79.707544,[s],1
/workstealing{locality#4/total}/depthpool/distributedSteals,60,79.717357,[s],1
/workstealing{locality#5/total}/depthpool/distributedSteals,60,79.699579,[s],0
/workstealing{locality#6/total}/depthpool/distributedSteals,60,79.721379,[s],0
/workstealing{locality#7/total}/depthpool/distributedSteals,60,79.705297,[s],0
/workstealing{locality#0/total}/depthpool/distributedSteals,61,80.817546,[s],0
/workstealing{locality#1/total}/depthpool/distributedSteals,61,80.849281,[s],1
/workstealing{locality#2/total}/depthpool/distributedSteals,61,80.821358,[s],4
/workstealing{locality#3/total}/depthpool/distributedSteals,61,80.827545,[s],1
/workstealing{locality#4/total}/depthpool/distributedSteals,61,80.841354,[s],1
/workstealing{locality#5/total}/depthpool/distributedSteals,61,80.839541,[s],0
/workstealing{locality#6/total}/depthpool/distributedSteals,61,80.825362,[s],0
/workstealing{locality#7/total}/depthpool/distributedSteals,61,80.817500,[s],0
/workstealing{locality#0/total}/depthpool/distributedSteals,62,81.957556,[s],0
/workstealing{locality#1/total}/depthpool/distributedSteals,62,81.969290,[s],1
/workstealing{locality#2/total}/depthpool/distributedSteals,62,81.981350,[s],4
/workstealing{locality#3/total}/depthpool/distributedSteals,62,81.963529,[s],1
/workstealing{locality#4/total}/depthpool/distributedSteals,62,81.969338,[s],1
/workstealing{locality#5/total}/depthpool/distributedSteals,62,81.975545,[s],0
/workstealing{locality#6/total}/depthpool/distributedSteals,62,81.969346,[s],0
/workstealing{locality#7/total}/depthpool/distributedSteals,62,81.981295,[s],0
/workstealing{locality#0/total}/depthpool/distributedSteals,63,83.257344,[s],0
/workstealing{locality#1/total}/depthpool/distributedSteals,63,83.337293,[s],1
/workstealing{locality#2/total}/depthpool/distributedSteals,63,83.337345,[s],4
/workstealing{locality#3/total}/depthpool/distributedSteals,63,83.339566,[s],1
/workstealing{locality#4/total}/depthpool/distributedSteals,63,83.329352,[s],1
/workstealing{locality#5/total}/depthpool/distributedSteals,63,83.323542,[s],0
/workstealing{locality#6/total}/depthpool/distributedSteals,63,83.349345,[s],0
/workstealing{locality#7/total}/depthpool/distributedSteals,63,83.333293,[s],0
/workstealing{locality#0/total}/depthpool/distributedSteals,64,84.497344,[s],0
/workstealing{locality#1/total}/depthpool/distributedSteals,64,84.521293,[s],1
/workstealing{locality#2/total}/depthpool/distributedSteals,64,84.493499,[s],4
/workstealing{locality#3/total}/depthpool/distributedSteals,64,84.499544,[s],1
/workstealing{locality#4/total}/depthpool/distributedSteals,64,84.517350,[s],1
/workstealing{locality#5/total}/depthpool/distributedSteals,64,84.499539,[s],0
/workstealing{locality#6/total}/depthpool/distributedSteals,64,84.501356,[s],0
/workstealing{locality#7/total}/depthpool/distributedSteals,64,84.505295,[s],0
/workstealing{locality#0/total}/depthpool/distributedSteals,65,85.605443,[s],0
/workstealing{locality#1/total}/depthpool/distributedSteals,65,85.657291,[s],1
/workstealing{locality#2/total}/depthpool/distributedSteals,65,85.637378,[s],4
/workstealing{locality#3/total}/depthpool/distributedSteals,65,85.651542,[s],1
/workstealing{locality#4/total}/depthpool/distributedSteals,65,85.637409,[s],1
/workstealing{locality#5/total}/depthpool/distributedSteals,65,85.635606,[s],0
/workstealing{locality#6/total}/depthpool/distributedSteals,65,85.637437,[s],0
/workstealing{locality#7/total}/depthpool/distributedSteals,65,85.661288,[s],0
/workstealing{locality#0/total}/depthpool/distributedSteals,66,86.865460,[s],0
/workstealing{locality#1/total}/depthpool/distributedSteals,66,86.957296,[s],1
/workstealing{locality#2/total}/depthpool/distributedSteals,66,86.945350,[s],4
/workstealing{locality#3/total}/depthpool/distributedSteals,66,86.939538,[s],1
/workstealing{locality#4/total}/depthpool/distributedSteals,66,86.941349,[s],1
/workstealing{locality#5/total}/depthpool/distributedSteals,66,86.943553,[s],0
/workstealing{locality#6/total}/depthpool/distributedSteals,66,86.941354,[s],0
/workstealing{locality#7/total}/depthpool/distributedSteals,66,86.941296,[s],0
/workstealing{locality#0/total}/depthpool/distributedSteals,67,88.089451,[s],0
/workstealing{locality#1/total}/depthpool/distributedSteals,67,88.109291,[s],1
/workstealing{locality#2/total}/depthpool/distributedSteals,67,88.109359,[s],4
/workstealing{locality#3/total}/depthpool/distributedSteals,67,88.087683,[s],1
/workstealing{locality#4/total}/depthpool/distributedSteals,67,88.105360,[s],1
/workstealing{locality#5/total}/depthpool/distributedSteals,67,88.111543,[s],0
/workstealing{locality#6/total}/depthpool/distributedSteals,67,88.101359,[s],0
/workstealing{locality#7/total}/depthpool/distributedSteals,67,88.101294,[s],0
/workstealing{locality#0/total}/depthpool/distributedSteals,68,89.213467,[s],0
/workstealing{locality#1/total}/depthpool/distributedSteals,68,89.261295,[s],1
/workstealing{locality#2/total}/depthpool/distributedSteals,68,89.253353,[s],4
/workstealing{locality#3/total}/depthpool/distributedSteals,68,89.255542,[s],1
/workstealing{locality#4/total}/depthpool/distributedSteals,68,89.249347,[s],1
/workstealing{locality#5/total}/depthpool/distributedSteals,68,89.243621,[s],0
/workstealing{locality#6/total}/depthpool/distributedSteals,68,89.273359,[s],0
/workstealing{locality#7/total}/depthpool/distributedSteals,68,89.249299,[s],0
/workstealing{locality#0/total}/depthpool/distributedSteals,69,90.437376,[s],0
/workstealing{locality#1/total}/depthpool/distributedSteals,69,90.525290,[s],1
/workstealing{locality#2/total}/depthpool/distributedSteals,69,90.529354,[s],4
/workstealing{locality#3/total}/depthpool/distributedSteals,69,90.519543,[s],1
/workstealing{locality#4/total}/depthpool/distributedSteals,69,90.501397,[s],1
/workstealing{locality#5/total}/depthpool/distributedSteals,69,90.515543,[s],0
/workstealing{locality#6/total}/depthpool/distributedSteals,69,90.517360,[s],0
/workstealing{locality#7/total}/depthpool/distributedSteals,69,90.529291,[s],0
/workstealing{locality#0/total}/depthpool/distributedSteals,70,91.693444,[s],0
/workstealing{locality#1/total}/depthpool/distributedSteals,70,91.701300,[s],1
/workstealing{locality#2/total}/depthpool/distributedSteals,70,91.697355,[s],4
/workstealing{locality#3/total}/depthpool/distributedSteals,70,91.719544,[s],1
/workstealing{locality#4/total}/depthpool/distributedSteals,70,91.717352,[s],1
/workstealing{locality#5/total}/depthpool/distributedSteals,70,91.719539,[s],0
/workstealing{locality#6/total}/depthpool/distributedSteals,70,91.721356,[s],0
/workstealing{locality#7/total}/depthpool/distributedSteals,70,91.709302,[s],0
/workstealing{locality#0/total}/depthpool/distributedSteals,71,92.889468,[s],0
/workstealing{locality#1/total}/depthpool/distributedSteals,71,92.957280,[s],1
/workstealing{locality#2/total}/depthpool/distributedSteals,71,92.977351,[s],4
/workstealing{locality#3/total}/depthpool/distributedSteals,71,92.971545,[s],1
/workstealing{locality#4/total}/depthpool/distributedSteals,71,92.973353,[s],1
/workstealing{locality#5/total}/depthpool/distributedSteals,71,92.951541,[s],0
/workstealing{locality#6/total}/depthpool/distributedSteals,71,93.005357,[s],0
/workstealing{locality#7/total}/depthpool/distributedSteals,71,92.993290,[s],0
/workstealing{locality#0/total}/depthpool/distributedSteals,72,94.109464,[s],0
/workstealing{locality#1/total}/depthpool/distributedSteals,72,94.121295,[s],1
/workstealing{locality#2/total}/depthpool/distributedSteals,72,94.121350,[s],4
/workstealing{locality#3/total}/depthpool/distributedSteals,72,94.123543,[s],1
/workstealing{locality#4/total}/depthpool/distributedSteals,72,94.109517,[s],1
/workstealing{locality#5/total}/depthpool/distributedSteals,72,94.107706,[s],0
/workstealing{locality#6/total}/depthpool/distributedSteals,72,94.133367,[s],0
/workstealing{locality#7/total}/depthpool/distributedSteals,72,94.137296,[s],0
/workstealing{locality#0/total}/depthpool/distributedSteals,73,95.289344,[s],0
/workstealing{locality#1/total}/depthpool/distributedSteals,73,95.369279,[s],1
/workstealing{locality#2/total}/depthpool/distributedSteals,73,95.353364,[s],4
/workstealing{locality#3/total}/depthpool/distributedSteals,73,95.359526,[s],1
/workstealing{locality#4/total}/depthpool/distributedSteals,73,95.361350,[s],1
/workstealing{locality#5/total}/depthpool/distributedSteals,73,95.383530,[s],0
/workstealing{locality#6/total}/depthpool/distributedSteals,73,95.369409,[s],0
/workstealing{locality#7/total}/depthpool/distributedSteals,73,95.373293,[s],0
/workstealing{locality#0/total}/depthpool/distributedSteals,74,96.673439,[s],0
/workstealing{locality#1/total}/depthpool/distributedSteals,74,96.821305,[s],1
/workstealing{locality#2/total}/depthpool/distributedSteals,74,96.805340,[s],4
/workstealing{locality#3/total}/depthpool/distributedSteals,74,96.819542,[s],1
/workstealing{locality#4/total}/depthpool/distributedSteals,74,96.801416,[s],1
/workstealing{locality#5/total}/depthpool/distributedSteals,74,96.811544,[s],0
/workstealing{locality#6/total}/depthpool/distributedSteals,74,96.805408,[s],0
/workstealing{locality#7/total}/depthpool/distributedSteals,74,96.801413,[s],0
/workstealing{locality#0/total}/depthpool/distributedSteals,75,97.997458,[s],0
/workstealing{locality#1/total}/depthpool/distributedSteals,75,98.077291,[s],1
/workstealing{locality#2/total}/depthpool/distributedSteals,75,98.069357,[s],4
/workstealing{locality#3/total}/depthpool/distributedSteals,75,98.083542,[s],1
/workstealing{locality#4/total}/depthpool/distributedSteals,75,98.073335,[s],1
/workstealing{locality#5/total}/depthpool/distributedSteals,75,98.067540,[s],0
/workstealing{locality#6/total}/depthpool/distributedSteals,75,98.057422,[s],0
/workstealing{locality#7/total}/depthpool/distributedSteals,75,98.085298,[s],0
/workstealing{locality#0/total}/depthpool/distributedSteals,76,99.305525,[s],0
/workstealing{locality#1/total}/depthpool/distributedSteals,76,99.309301,[s],1
/workstealing{locality#2/total}/depthpool/distributedSteals,76,99.321357,[s],4
/workstealing{locality#3/total}/depthpool/distributedSteals,76,99.319545,[s],1
/workstealing{locality#4/total}/depthpool/distributedSteals,76,99.321338,[s],1
/workstealing{locality#5/total}/depthpool/distributedSteals,76,99.315547,[s],0
/workstealing{locality#6/total}/depthpool/distributedSteals,76,99.329370,[s],0
/workstealing{locality#7/total}/depthpool/distributedSteals,76,99.305470,[s],0
/workstealing{locality#0/total}/depthpool/distributedSteals,77,100.477463,[s],0
/workstealing{locality#1/total}/depthpool/distributedSteals,77,100.545293,[s],1
/workstealing{locality#2/total}/depthpool/distributedSteals,77,100.549352,[s],4
/workstealing{locality#3/total}/depthpool/distributedSteals,77,100.559546,[s],1
/workstealing{locality#4/total}/depthpool/distributedSteals,77,100.549347,[s],1
/workstealing{locality#5/total}/depthpool/distributedSteals,77,100.563554,[s],0
/workstealing{locality#6/total}/depthpool/distributedSteals,77,100.545357,[s],0
/workstealing{locality#7/total}/depthpool/distributedSteals,77,100.561292,[s],0
/workstealing{locality#0/total}/depthpool/distributedSteals,78,101.733346,[s],0
/workstealing{locality#1/total}/depthpool/distributedSteals,78,101.869295,[s],1
/workstealing{locality#2/total}/depthpool/distributedSteals,78,101.865363,[s],4
/workstealing{locality#3/total}/depthpool/distributedSteals,78,101.859586,[s],1
/workstealing{locality#4/total}/depthpool/distributedSteals,78,101.889352,[s],1
/workstealing{locality#5/total}/depthpool/distributedSteals,78,101.883529,[s],0
/workstealing{locality#6/total}/depthpool/distributedSteals,78,101.877355,[s],0
/workstealing{locality#7/total}/depthpool/distributedSteals,78,101.869291,[s],0
/workstealing{locality#0/total}/depthpool/distributedSteals,79,103.033479,[s],0
/workstealing{locality#1/total}/depthpool/distributedSteals,79,103.177308,[s],1
/workstealing{locality#2/total}/depthpool/distributedSteals,79,103.181341,[s],4
/workstealing{locality#3/total}/depthpool/distributedSteals,79,103.175547,[s],1
/workstealing{locality#4/total}/depthpool/distributedSteals,79,103.165349,[s],1
/workstealing{locality#5/total}/depthpool/distributedSteals,79,103.171552,[s],0
/workstealing{locality#6/total}/depthpool/distributedSteals,79,103.165356,[s],0
/workstealing{locality#7/total}/depthpool/distributedSteals,79,103.185293,[s],0
/workstealing{locality#0/total}/depthpool/distributedSteals,80,104.301511,[s],0
/workstealing{locality#1/total}/depthpool/distributedSteals,80,104.429315,[s],1
/workstealing{locality#2/total}/depthpool/distributedSteals,80,104.453354,[s],4
/workstealing{locality#3/total}/depthpool/distributedSteals,80,104.447548,[s],1
/workstealing{locality#4/total}/depthpool/distributedSteals,80,104.445349,[s],1
/workstealing{locality#5/total}/depthpool/distributedSteals,80,104.443529,[s],0
/workstealing{locality#6/total}/depthpool/distributedSteals,80,104.429438,[s],0
/workstealing{locality#7/total}/depthpool/distributedSteals,80,104.437301,[s],0
/workstealing{locality#0/total}/depthpool/distributedSteals,81,105.789383,[s],0
/workstealing{locality#1/total}/depthpool/distributedSteals,81,105.801299,[s],1
/workstealing{locality#2/total}/depthpool/distributedSteals,81,105.817351,[s],4
/workstealing{locality#3/total}/depthpool/distributedSteals,81,105.799545,[s],1
/workstealing{locality#4/total}/depthpool/distributedSteals,81,105.797338,[s],1
/workstealing{locality#5/total}/depthpool/distributedSteals,81,105.799548,[s],0
/workstealing{locality#6/total}/depthpool/distributedSteals,81,105.809343,[s],0
/workstealing{locality#7/total}/depthpool/distributedSteals,81,105.809293,[s],0
/workstealing{locality#0/total}/depthpool/distributedSteals,82,106.973482,[s],0
/workstealing{locality#1/total}/depthpool/distributedSteals,82,106.973473,[s],1
/workstealing{locality#2/total}/depthpool/distributedSteals,82,106.985354,[s],4
/workstealing{locality#3/total}/depthpool/distributedSteals,82,106.971736,[s],1
/workstealing{locality#4/total}/depthpool/distributedSteals,82,106.997349,[s],1
/workstealing{locality#5/total}/depthpool/distributedSteals,82,106.987543,[s],0
/workstealing{locality#6/total}/depthpool/distributedSteals,82,106.993346,[s],0
/workstealing{locality#7/total}/depthpool/distributedSteals,82,106.997293,[s],0
/workstealing{locality#0/total}/depthpool/distributedSteals,83,108.145488,[s],0
/workstealing{locality#1/total}/depthpool/distributedSteals,83,108.209291,[s],1
/workstealing{locality#2/total}/depthpool/distributedSteals,83,108.225353,[s],4
/workstealing{locality#3/total}/depthpool/distributedSteals,83,108.231538,[s],1
/workstealing{locality#4/total}/depthpool/distributedSteals,83,108.221355,[s],1
/workstealing{locality#5/total}/depthpool/distributedSteals,83,108.211552,[s],0
/workstealing{locality#6/total}/depthpool/distributedSteals,83,108.217368,[s],0
/workstealing{locality#7/total}/depthpool/distributedSteals,83,108.225282,[s],0
/workstealing{locality#0/total}/depthpool/distributedSteals,84,109.373477,[s],0
/workstealing{locality#1/total}/depthpool/distributedSteals,84,109.529293,[s],1
/workstealing{locality#2/total}/depthpool/distributedSteals,84,109.529355,[s],4
/workstealing{locality#3/total}/depthpool/distributedSteals,84,109.531547,[s],1
/workstealing{locality#4/total}/depthpool/distributedSteals,84,109.517405,[s],1
/workstealing{locality#5/total}/depthpool/distributedSteals,84,109.527543,[s],0
/workstealing{locality#6/total}/depthpool/distributedSteals,84,109.537358,[s],0
/workstealing{locality#7/total}/depthpool/distributedSteals,84,109.545279,[s],0
/workstealing{locality#0/total}/depthpool/distributedSteals,85,110.837468,[s],0
/workstealing{locality#1/total}/depthpool/distributedSteals,85,110.893295,[s],1
/workstealing{locality#2/total}/depthpool/distributedSteals,85,110.869379,[s],4
/workstealing{locality#3/total}/depthpool/distributedSteals,85,110.883548,[s],1
/workstealing{locality#4/total}/depthpool/distributedSteals,85,110.897355,[s],1
/workstealing{locality#5/total}/depthpool/distributedSteals,85,110.879548,[s],0
/workstealing{locality#6/total}/depthpool/distributedSteals,85,110.893367,[s],0
/workstealing{locality#7/total}/depthpool/distributedSteals,85,110.897307,[s],0
/workstealing{locality#0/total}/depthpool/distributedSteals,86,112.077406,[s],0
/workstealing{locality#1/total}/depthpool/distributedSteals,86,112.181294,[s],1
/workstealing{locality#2/total}/depthpool/distributedSteals,86,112.173383,[s],4
/workstealing{locality#3/total}/depthpool/distributedSteals,86,112.179543,[s],7
/workstealing{locality#4/total}/depthpool/distributedSteals,86,112.197352,[s],1
/workstealing{locality#5/total}/depthpool/distributedSteals,86,112.199532,[s],5
/workstealing{locality#6/total}/depthpool/distributedSteals,86,112.189355,[s],0
/workstealing{locality#7/total}/depthpool/distributedSteals,86,112.189332,[s],6
/workstealing{locality#0/total}/depthpool/distributedSteals,87,113.468299,[s],0
/workstealing{locality#1/total}/depthpool/distributedSteals,87,113.513298,[s],6
/workstealing{locality#2/total}/depthpool/distributedSteals,87,113.501341,[s],9
/workstealing{locality#3/total}/depthpool/distributedSteals,87,113.503548,[s],14
/workstealing{locality#4/total}/depthpool/distributedSteals,87,113.497396,[s],9
/workstealing{locality#5/total}/depthpool/distributedSteals,87,113.495594,[s],11
/workstealing{locality#6/total}/depthpool/distributedSteals,87,113.497419,[s],0
/workstealing{locality#7/total}/depthpool/distributedSteals,87,113.497365,[s],12
/workstealing{locality#0/total}/depthpool/distributedSteals,88,114.781358,[s],0
/workstealing{locality#1/total}/depthpool/distributedSteals,88,114.865302,[s],11
/workstealing{locality#2/total}/depthpool/distributedSteals,88,114.841387,[s],12
/workstealing{locality#3/total}/depthpool/distributedSteals,88,114.851543,[s],16
/workstealing{locality#4/total}/depthpool/distributedSteals,88,114.861353,[s],14
/workstealing{locality#5/total}/depthpool/distributedSteals,88,114.839604,[s],18
/workstealing{locality#6/total}/depthpool/distributedSteals,88,114.857367,[s],0
/workstealing{locality#7/total}/depthpool/distributedSteals,88,114.857294,[s],15
/workstealing{locality#0/total}/depthpool/distributedSteals,89,116.053523,[s],0
/workstealing{locality#1/total}/depthpool/distributedSteals,89,116.105294,[s],15
/workstealing{locality#2/total}/depthpool/distributedSteals,89,116.109373,[s],20
/workstealing{locality#3/total}/depthpool/distributedSteals,89,116.083578,[s],21
/workstealing{locality#4/total}/depthpool/distributedSteals,89,116.113351,[s],24
/workstealing{locality#5/total}/depthpool/distributedSteals,89,116.083615,[s],25
/workstealing{locality#6/total}/depthpool/distributedSteals,89,116.085731,[s],0
/workstealing{locality#7/total}/depthpool/distributedSteals,89,116.105298,[s],20
/workstealing{locality#0/total}/depthpool/distributedSteals,90,117.213510,[s],0
/workstealing{locality#1/total}/depthpool/distributedSteals,90,117.241288,[s],20
/workstealing{locality#2/total}/depthpool/distributedSteals,90,117.213536,[s],28
/workstealing{locality#3/total}/depthpool/distributedSteals,90,117.215542,[s],32
/workstealing{locality#4/total}/depthpool/distributedSteals,90,117.225352,[s],27
/workstealing{locality#5/total}/depthpool/distributedSteals,90,117.215528,[s],29
/workstealing{locality#6/total}/depthpool/distributedSteals,90,117.221365,[s],1
/workstealing{locality#7/total}/depthpool/distributedSteals,90,117.213515,[s],27
/workstealing{locality#0/total}/depthpool/distributedSteals,91,118.757500,[s],0
/workstealing{locality#1/total}/depthpool/distributedSteals,91,118.861291,[s],28
/workstealing{locality#2/total}/depthpool/distributedSteals,91,118.853379,[s],37
/workstealing{locality#3/total}/depthpool/distributedSteals,91,118.855546,[s],38
/workstealing{locality#4/total}/depthpool/distributedSteals,91,118.853409,[s],34
/workstealing{locality#5/total}/depthpool/distributedSteals,91,118.855540,[s],37
/workstealing{locality#6/total}/depthpool/distributedSteals,91,118.873359,[s],7
/workstealing{locality#7/total}/depthpool/distributedSteals,91,118.865278,[s],35
/workstealing{locality#0/total}/depthpool/distributedSteals,92,120.129404,[s],0
/workstealing{locality#1/total}/depthpool/distributedSteals,92,120.145301,[s],32
/workstealing{locality#2/total}/depthpool/distributedSteals,92,120.141354,[s],42
/workstealing{locality#3/total}/depthpool/distributedSteals,92,120.127644,[s],45
/workstealing{locality#4/total}/depthpool/distributedSteals,92,120.129461,[s],39
/workstealing{locality#5/total}/depthpool/distributedSteals,92,120.135529,[s],43
/workstealing{locality#6/total}/depthpool/distributedSteals,92,120.129492,[s],14
/workstealing{locality#7/total}/depthpool/distributedSteals,92,120.145298,[s],44
/workstealing{locality#0/total}/depthpool/distributedSteals,93,121.261490,[s],0
/workstealing{locality#1/total}/depthpool/distributedSteals,93,121.385297,[s],36
/workstealing{locality#2/total}/depthpool/distributedSteals,93,121.365360,[s],45
/workstealing{locality#3/total}/depthpool/distributedSteals,93,121.367547,[s],49
/workstealing{locality#4/total}/depthpool/distributedSteals,93,121.361391,[s],43
/workstealing{locality#5/total}/depthpool/distributedSteals,93,121.359591,[s],47
/workstealing{locality#6/total}/depthpool/distributedSteals,93,121.361414,[s],20
/workstealing{locality#7/total}/depthpool/distributedSteals,93,121.377294,[s],49
/workstealing{locality#0/total}/depthpool/distributedSteals,94,122.505518,[s],0
/workstealing{locality#1/total}/depthpool/distributedSteals,94,122.629299,[s],40
/workstealing{locality#2/total}/depthpool/distributedSteals,94,122.637374,[s],52
/workstealing{locality#3/total}/depthpool/distributedSteals,94,122.615548,[s],55
/workstealing{locality#4/total}/depthpool/distributedSteals,94,122.609389,[s],47
/workstealing{locality#5/total}/depthpool/distributedSteals,94,122.619543,[s],51
/workstealing{locality#6/total}/depthpool/distributedSteals,94,122.625366,[s],29
/workstealing{locality#7/total}/depthpool/distributedSteals,94,122.637292,[s],53
/workstealing{locality#0/total}/depthpool/distributedSteals,95,123.789536,[s],0
/workstealing{locality#1/total}/depthpool/distributedSteals,95,123.877302,[s],43
/workstealing{locality#2/total}/depthpool/distributedSteals,95,123.877352,[s],58
/workstealing{locality#3/total}/depthpool/distributedSteals,95,123.883546,[s],60
/workstealing{locality#4/total}/depthpool/distributedSteals,95,123.857413,[s],52
/workstealing{locality#5/total}/depthpool/distributedSteals,95,123.859545,[s],53
/workstealing{locality#6/total}/depthpool/distributedSteals,95,123.857439,[s],35
/workstealing{locality#7/total}/depthpool/distributedSteals,95,123.881304,[s],59
/workstealing{locality#0/total}/depthpool/distributedSteals,96,124.985487,[s],0
/workstealing{locality#1/total}/depthpool/distributedSteals,96,125.049307,[s],43
/workstealing{locality#2/total}/depthpool/distributedSteals,96,125.065354,[s],58
/workstealing{locality#3/total}/depthpool/distributedSteals,96,125.051541,[s],60
/workstealing{locality#4/total}/depthpool/distributedSteals,96,125.061351,[s],52
/workstealing{locality#5/total}/depthpool/distributedSteals,96,125.059540,[s],53
/workstealing{locality#6/total}/depthpool/distributedSteals,96,125.061367,[s],35
/workstealing{locality#7/total}/depthpool/distributedSteals,96,125.061290,[s],59
/workstealing{locality#0/total}/depthpool/distributedSteals,97,126.209456,[s],0
/workstealing{locality#1/total}/depthpool/distributedSteals,97,126.249299,[s],43
/workstealing{locality#2/total}/depthpool/distributedSteals,97,126.257364,[s],58
/workstealing{locality#3/total}/depthpool/distributedSteals,97,126.239575,[s],60
/workstealing{locality#4/total}/depthpool/distributedSteals,97,126.265350,[s],52
/workstealing{locality#5/total}/depthpool/distributedSteals,97,126.267539,[s],53
/workstealing{locality#6/total}/depthpool/distributedSteals,97,126.265356,[s],35
/workstealing{locality#7/total}/depthpool/distributedSteals,97,126.269295,[s],59
/workstealing{locality#0/total}/depthpool/distributedSteals,98,127.525460,[s],0
/workstealing{locality#1/total}/depthpool/distributedSteals,98,127.577294,[s],43
/workstealing{locality#2/total}/depthpool/distributedSteals,98,127.569352,[s],58
/workstealing{locality#3/total}/depthpool/distributedSteals,98,127.579541,[s],60
/workstealing{locality#4/total}/depthpool/distributedSteals,98,127.561347,[s],52
/workstealing{locality#5/total}/depthpool/distributedSteals,98,127.563539,[s],53
/workstealing{locality#6/total}/depthpool/distributedSteals,98,127.557410,[s],35
/workstealing{locality#7/total}/depthpool/distributedSteals,98,127.585291,[s],59
/workstealing{locality#0/total}/depthpool/distributedSteals,99,128.709343,[s],0
/workstealing{locality#1/total}/depthpool/distributedSteals,99,128.761291,[s],43
/workstealing{locality#2/total}/depthpool/distributedSteals,99,128.749379,[s],58
/workstealing{locality#3/total}/depthpool/distributedSteals,99,128.751539,[s],60
/workstealing{locality#4/total}/depthpool/distributedSteals,99,128.749409,[s],52
/workstealing{locality#5/total}/depthpool/distributedSteals,99,128.763545,[s],53
/workstealing{locality#6/total}/depthpool/distributedSteals,99,128.769355,[s],35
/workstealing{locality#7/total}/depthpool/distributedSteals,99,128.773291,[s],59
MaxClique Size = 44
cpu = 122832
/workstealing{locality#0/total}/depthpool/distributedSteals,100,130.385380,[s],0
/workstealing{locality#1/total}/depthpool/distributedSteals,100,130.581301,[s],43
/workstealing{locality#2/total}/depthpool/distributedSteals,100,130.573386,[s],58
/workstealing{locality#3/total}/depthpool/distributedSteals,100,130.599541,[s],60
/workstealing{locality#4/total}/depthpool/distributedSteals,100,130.577370,[s],52
/workstealing{locality#5/total}/depthpool/distributedSteals,100,130.595539,[s],53
/workstealing{locality#6/total}/depthpool/distributedSteals,100,130.573428,[s],35
/workstealing{locality#7/total}/depthpool/distributedSteals,100,130.581318,[s],59